Archive member included because of file (symbol)

C:/Freescale/CW MCU v10.6/MCU/ARM_GCC_Support/ewl/lib/armv6-m\libc.a(exit.o)
                              ./Project_Settings/Startup_Code/__arm_start.o (exit)
C:/Freescale/CW MCU v10.6/MCU/ARM_GCC_Support/ewl/lib/armv6-m\libc.a(memset.o)
                              ./Project_Settings/Startup_Code/__arm_start.o (memset)
C:/Freescale/CW MCU v10.6/MCU/ARM_GCC_Support/ewl/lib/armv6-m\libc.a(printformat_.o)
                              (__pformatter_)
C:/Freescale/CW MCU v10.6/MCU/ARM_GCC_Support/ewl/lib/armv6-m\libc.a(scanformat_.o)
                              (__sformatter)
C:/Freescale/CW MCU v10.6/MCU/ARM_GCC_Support/ewl/lib/armv6-m\libc.a(ctype_aeabi.o)
                              C:/Freescale/CW MCU v10.6/MCU/ARM_GCC_Support/ewl/lib/armv6-m\libc.a(scanformat_.o) (isspace)
C:/Freescale/CW MCU v10.6/MCU/ARM_GCC_Support/ewl/lib/armv6-m\libc.a(__strtoul.o)
                              C:/Freescale/CW MCU v10.6/MCU/ARM_GCC_Support/ewl/lib/armv6-m\libc.a(scanformat_.o) (__strtoul)
C:/Freescale/CW MCU v10.6/MCU/ARM_GCC_Support/ewl/lib/armv6-m\libc.a(__filll_mem.o)
                              C:/Freescale/CW MCU v10.6/MCU/ARM_GCC_Support/ewl/lib/armv6-m\libc.a(memset.o) (__fill_mem)
C:/Freescale/CW MCU v10.6/MCU/ARM_GCC_Support/ewl/lib/armv6-m\libc.a(memchr.o)
                              C:/Freescale/CW MCU v10.6/MCU/ARM_GCC_Support/ewl/lib/armv6-m\libc.a(printformat_.o) (memchr)
C:/Freescale/CW MCU v10.6/MCU/ARM_GCC_Support/ewl/lib/armv6-m\libc.a(memcpy.o)
                              C:/Freescale/CW MCU v10.6/MCU/ARM_GCC_Support/ewl/lib/armv6-m\libc.a(scanformat_.o) (memcpy)
C:/Freescale/CW MCU v10.6/MCU/ARM_GCC_Support/ewl/lib/armv6-m\libc.a(strchr.o)
                              C:/Freescale/CW MCU v10.6/MCU/ARM_GCC_Support/ewl/lib/armv6-m\libc.a(printformat_.o) (strchr)
C:/Freescale/CW MCU v10.6/MCU/ARM_GCC_Support/ewl/lib/armv6-m\libc.a(strlen.o)
                              C:/Freescale/CW MCU v10.6/MCU/ARM_GCC_Support/ewl/lib/armv6-m\libc.a(printformat_.o) (strlen)
c:/freescale/cw mcu v10.6/cross_tools/arm-none-eabi-gcc-4_7_3/bin/../lib/gcc/arm-none-eabi/4.7.3/armv6-m\libgcc.a(_thumb1_case_sqi.o)
                              C:/Freescale/CW MCU v10.6/MCU/ARM_GCC_Support/ewl/lib/armv6-m\libc.a(__strtoul.o) (__gnu_thumb1_case_sqi)
c:/freescale/cw mcu v10.6/cross_tools/arm-none-eabi-gcc-4_7_3/bin/../lib/gcc/arm-none-eabi/4.7.3/armv6-m\libgcc.a(_thumb1_case_uqi.o)
                              C:/Freescale/CW MCU v10.6/MCU/ARM_GCC_Support/ewl/lib/armv6-m\libc.a(scanformat_.o) (__gnu_thumb1_case_uqi)
c:/freescale/cw mcu v10.6/cross_tools/arm-none-eabi-gcc-4_7_3/bin/../lib/gcc/arm-none-eabi/4.7.3/armv6-m\libgcc.a(_udivsi3.o)
                              ./Sources/Events.o (__aeabi_uidiv)
c:/freescale/cw mcu v10.6/cross_tools/arm-none-eabi-gcc-4_7_3/bin/../lib/gcc/arm-none-eabi/4.7.3/armv6-m\libgcc.a(_divsi3.o)
                              ./Sources/Events.o (__aeabi_idiv)
c:/freescale/cw mcu v10.6/cross_tools/arm-none-eabi-gcc-4_7_3/bin/../lib/gcc/arm-none-eabi/4.7.3/armv6-m\libgcc.a(_dvmd_tls.o)
                              c:/freescale/cw mcu v10.6/cross_tools/arm-none-eabi-gcc-4_7_3/bin/../lib/gcc/arm-none-eabi/4.7.3/armv6-m\libgcc.a(_udivsi3.o) (__aeabi_idiv0)
c:/freescale/cw mcu v10.6/cross_tools/arm-none-eabi-gcc-4_7_3/bin/../lib/gcc/arm-none-eabi/4.7.3/armv6-m\libgcc.a(_arm_cmpdf2.o)
                              ./Sources/Events.o (__aeabi_dcmplt)
c:/freescale/cw mcu v10.6/cross_tools/arm-none-eabi-gcc-4_7_3/bin/../lib/gcc/arm-none-eabi/4.7.3/armv6-m\libgcc.a(_arm_cmpsf2.o)
                              ./Sources/Events.o (__aeabi_fcmplt)
c:/freescale/cw mcu v10.6/cross_tools/arm-none-eabi-gcc-4_7_3/bin/../lib/gcc/arm-none-eabi/4.7.3/armv6-m\libgcc.a(_fixunssfsi.o)
                              ./Generated_Code/RealTimeLdd2.o (__aeabi_f2uiz)
c:/freescale/cw mcu v10.6/cross_tools/arm-none-eabi-gcc-4_7_3/bin/../lib/gcc/arm-none-eabi/4.7.3/armv6-m\libgcc.a(addsf3.o)
                              ./Sources/Events.o (__aeabi_fadd)
c:/freescale/cw mcu v10.6/cross_tools/arm-none-eabi-gcc-4_7_3/bin/../lib/gcc/arm-none-eabi/4.7.3/armv6-m\libgcc.a(divsf3.o)
                              ./Sources/Events.o (__aeabi_fdiv)
c:/freescale/cw mcu v10.6/cross_tools/arm-none-eabi-gcc-4_7_3/bin/../lib/gcc/arm-none-eabi/4.7.3/armv6-m\libgcc.a(eqsf2.o)
                              c:/freescale/cw mcu v10.6/cross_tools/arm-none-eabi-gcc-4_7_3/bin/../lib/gcc/arm-none-eabi/4.7.3/armv6-m\libgcc.a(_arm_cmpsf2.o) (__eqsf2)
c:/freescale/cw mcu v10.6/cross_tools/arm-none-eabi-gcc-4_7_3/bin/../lib/gcc/arm-none-eabi/4.7.3/armv6-m\libgcc.a(gesf2.o)
                              c:/freescale/cw mcu v10.6/cross_tools/arm-none-eabi-gcc-4_7_3/bin/../lib/gcc/arm-none-eabi/4.7.3/armv6-m\libgcc.a(_arm_cmpsf2.o) (__gesf2)
c:/freescale/cw mcu v10.6/cross_tools/arm-none-eabi-gcc-4_7_3/bin/../lib/gcc/arm-none-eabi/4.7.3/armv6-m\libgcc.a(lesf2.o)
[...]
Memory Configuration

Name             Origin             Length             Attributes
m_interrupts     0x00000000         0x000000c0         xr
m_text           0x00000410         0x0003fbf0         xr
m_data           0x1fffe000         0x00008000         rw
m_cfmprotrom     0x00000400         0x00000010         xr
*default*        0x00000000         0xffffffff

Linker script and memory map

LOAD ./Generated_Code/relay.o
LOAD ./Generated_Code/Vectors.o
LOAD ./Generated_Code/TimerIntLdd2.o
LOAD ./Generated_Code/TimerIntLdd1.o
LOAD ./Generated_Code/TU4.o
LOAD ./Generated_Code/TU3.o
LOAD ./Generated_Code/TU2.o
LOAD ./Generated_Code/TU1.o
LOAD ./Generated_Code/TI2.o
LOAD ./Generated_Code/TI1.o
LOAD ./Generated_Code/Send.o
LOAD ./Generated_Code/RealTimeLdd2.o
LOAD ./Generated_Code/RealTimeLdd1.o
LOAD ./Generated_Code/PE_LDD.o
LOAD ./Generated_Code/OVC.o
LOAD ./Generated_Code/FC322.o
LOAD ./Generated_Code/FC321.o
LOAD ./Generated_Code/Cpu.o
LOAD ./Generated_Code/BitIoLdd3.o
LOAD ./Generated_Code/BitIoLdd2.o
LOAD ./Generated_Code/BitIoLdd1.o
LOAD ./Generated_Code/Bit2.o
LOAD ./Generated_Code/Bit1.o
LOAD ./Generated_Code/AdcLdd1.o
LOAD ./Generated_Code/ASerialLdd1.o
LOAD ./Generated_Code/AS1.o
LOAD ./Generated_Code/AD1.o
LOAD ./Project_Settings/Startup_Code/__arm_start.o
LOAD ./Project_Settings/Startup_Code/__arm_end.o
LOAD ./Sources/sa_mtb.o
LOAD ./Sources/main.o
LOAD ./Sources/Events.o
                0x00006010                __pformatter = __pformatter_
                [0x00006438]                __sformatter = __sformatter
START GROUP
LOAD C:/Freescale/CW MCU v10.6/MCU/ARM_GCC_Support/ewl/lib/armv6-m\libc.a
LOAD C:/Freescale/CW MCU v10.6/MCU/ARM_GCC_Support/ewl/lib/armv6-m\libm.a
LOAD c:/freescale/cw mcu v10.6/cross_tools/arm-none-eabi-gcc-4_7_3/bin/../lib/gcc/arm-none-eabi/4.7.3/armv6-m\libgcc.a
LOAD C:/Freescale/CW MCU v10.6/MCU/ARM_GCC_Support/ewl/lib/armv6-m\librt.a
LOAD C:/Freescale/CW MCU v10.6/MCU/ARM_GCC_Support/ewl/lib/armv6-m\libuart.a
END GROUP
                0x20006000                _estack = 0x20006000
                0x20006000                __SP_INIT = _estack
                0x00000000                __heap_size = 0x0
                0x00000400                __stack_size = 0x400

.interrupts     0x00000000       0xc0
                0x00000000                __vector_table = .
                0x00000000                . = ALIGN (0x4)
 *(.vectortable)
 .vectortable   0x00000000       0xc0 ./Generated_Code/Vectors.o
                0x00000000                __vect_table
                0x000000c0                . = ALIGN (0x4)

.cfmprotect     0x00000400       0x10
                0x00000400                . = ALIGN (0x4)
 *(.cfmconfig)
 .cfmconfig     0x00000400       0x10 ./Generated_Code/Cpu.o
                0x00000400                _cfm
                0x00000410                . = ALIGN (0x4)

.text           0x00000410     0x6cf8
                0x00000410                . = ALIGN (0x4)
 *(.text)
 .text          0x00000410       0x14 c:/freescale/cw mcu v10.6/cross_tools/arm-none-eabi-gcc-4_7_3/bin/../lib/gcc/arm-none-eabi/4.7.3/armv6-m\libgcc.a(_thumb1_case_sqi.o)
                0x00000410                __gnu_thumb1_case_sqi
 .text          0x00000424       0x14 c:/freescale/cw mcu v10.6/cross_tools/arm-none-eabi-gcc-4_7_3/bin/../lib/gcc/arm-none-eabi/4.7.3/armv6-m\libgcc.a(_thumb1_case_uqi.o)
                0x00000424                __gnu_thumb1_case_uqi
 .text          0x00000438       0x9c c:/freescale/cw mcu v10.6/cross_tools/arm-none-eabi-gcc-4_7_3/bin/../lib/gcc/arm-none-eabi/4.7.3/armv6-m\libgcc.a(_udivsi3.o)
                0x00000438                __aeabi_uidiv
                0x00000438                __udivsi3
                0x000004c0                __aeabi_uidivmod
 .text          0x000004d4       0xc0 c:/freescale/cw mcu v10.6/cross_tools/arm-none-eabi-gcc-4_7_3/bin/../lib/gcc/arm-none-eabi/4.7.3/armv6-m\libgcc.a(_divsi3.o)
                0x000004d4                __divsi3
                0x000004d4                __aeabi_idiv
                0x00000580                __aeabi_idivmod
 .text          0x00000594        0x4 c:/freescale/cw mcu v10.6/cross_tools/arm-none-eabi-gcc-4_7_3/bin/../lib/gcc/arm-none-eabi/4.7.3/armv6-m\libgcc.a(_dvmd_tls.o)
                0x00000594                __aeabi_idiv0
                0x00000594                __aeabi_ldiv0
 .text          0x00000598       0x7c c:/freescale/cw mcu v10.6/cross_tools/arm-none-eabi-gcc-4_7_3/bin/../lib/gcc/arm-none-eabi/4.7.3/armv6-m\libgcc.a(_arm_cmpdf2.o)
                0x00000598                __aeabi_cdrcmple
                0x000005a8                __aeabi_cdcmple
                0x000005a8                __aeabi_cdcmpeq
                0x000005b8                __aeabi_dcmpeq
                0x000005c4                __aeabi_dcmplt
                0x000005d8                __aeabi_dcmple
                0x000005ec                __aeabi_dcmpgt
                0x00000600                __aeabi_dcmpge
 .text          0x00000614       0x74 c:/freescale/cw mcu v10.6/cross_tools/arm-none-eabi-gcc-4_7_3/bin/../lib/gcc/arm-none-eabi/4.7.3/armv6-m\libgcc.a(_arm_cmpsf2.o)
                0x00000614                __aeabi_cfrcmple
                0x0000061c                __aeabi_cfcmpeq
                0x0000061c                __aeabi_cfcmple
                0x0000062c                __aeabi_fcmpeq
                0x00000638                __aeabi_fcmplt
                0x0000064c                __aeabi_fcmple
                0x00000660                __aeabi_fcmpgt
                0x00000674                __aeabi_fcmpge
 .text          0x00000688       0x30 c:/freescale/cw mcu v10.6/cross_tools/arm-none-eabi-gcc-4_7_3/bin/../lib/gcc/arm-none-eabi/4.7.3/armv6-m\libgcc.a(_fixunssfsi.o)
                0x00000688                __fixunssfsi
                0x00000688                __aeabi_f2uiz
 .text          0x000006b8      0x3a4 c:/freescale/cw mcu v10.6/cross_tools/arm-none-eabi-gcc-4_7_3/bin/../lib/gcc/arm-none-eabi/4.7.3/armv6-m\libgcc.a(addsf3.o)
                0x000006b8                __aeabi_fadd
 .text          0x00000a5c      0x274 c:/freescale/cw mcu v10.6/cross_tools/arm-none-eabi-gcc-4_7_3/bin/../lib/gcc/arm-none-eabi/4.7.3/armv6-m\libgcc.a(divsf3.o)
                0x00000a5c                __aeabi_fdiv
 .text          0x00000cd0       0x50 c:/freescale/cw mcu v10.6/cross_tools/arm-none-eabi-gcc-4_7_3/bin/../lib/gcc/arm-none-eabi/4.7.3/armv6-m\libgcc.a(eqsf2.o)
                0x00000cd0                __eqsf2
                0x00000cd0                __nesf2
 .text          0x00000d20       0x90 c:/freescale/cw mcu v10.6/cross_tools/arm-none-eabi-gcc-4_7_3/bin/../lib/gcc/arm-none-eabi/4.7.3/armv6-m\libgcc.a(gesf2.o)
                0x00000d20                __gesf2
                0x00000d20                __gtsf2
 .text          0x00000db0       0x90 c:/freescale/cw mcu v10.6/cross_tools/arm-none-eabi-gcc-4_7_3/bin/../lib/gcc/arm-none-eabi/4.7.3/armv6-m\libgcc.a(lesf2.o)
                0x00000db0                __ltsf2
                0x00000db0                __lesf2
 .text          0x00000e40      0x260 c:/freescale/cw mcu v10.6/cross_tools/arm-none-eabi-gcc-4_7_3/bin/../lib/gcc/arm-none-eabi/4.7.3/armv6-m\libgcc.a(mulsf3.o)
                0x00000e40                __aeabi_fmul
 .text          0x000010a0      0x3ac c:/freescale/cw mcu v10.6/cross_tools/arm-none-eabi-gcc-4_7_3/bin/../lib/gcc/arm-none-eabi/4.7.3/armv6-m\libgcc.a(subsf3.o)
                0x000010a0                __aeabi_fsub
 .text          0x0000144c       0x40 c:/freescale/cw mcu v10.6/cross_tools/arm-none-eabi-gcc-4_7_3/bin/../lib/gcc/arm-none-eabi/4.7.3/armv6-m\libgcc.a(fixsfsi.o)
                0x0000144c                __aeabi_f2iz
 .text          0x0000148c       0xa8 c:/freescale/cw mcu v10.6/cross_tools/arm-none-eabi-gcc-4_7_3/bin/../lib/gcc/arm-none-eabi/4.7.3/armv6-m\libgcc.a(floatunsisf.o)
                0x0000148c                __aeabi_ui2f
 .text          0x00001534      0x758 c:/freescale/cw mcu v10.6/cross_tools/arm-none-eabi-gcc-4_7_3/bin/../lib/gcc/arm-none-eabi/4.7.3/armv6-m\libgcc.a(adddf3.o)
                0x00001534                __aeabi_dadd
 .text          0x00001c8c      0x5b8 c:/freescale/cw mcu v10.6/cross_tools/arm-none-eabi-gcc-4_7_3/bin/../lib/gcc/arm-none-eabi/4.7.3/armv6-m\libgcc.a(divdf3.o)
                0x00001c8c                __aeabi_ddiv
 .text          0x00002244       0x7c c:/freescale/cw mcu v10.6/cross_tools/arm-none-eabi-gcc-4_7_3/bin/../lib/gcc/arm-none-eabi/4.7.3/armv6-m\libgcc.a(eqdf2.o)
                0x00002244                __nedf2
                0x00002244                __eqdf2
 .text          0x000022c0       0xe8 c:/freescale/cw mcu v10.6/cross_tools/arm-none-eabi-gcc-4_7_3/bin/../lib/gcc/arm-none-eabi/4.7.3/armv6-m\libgcc.a(gedf2.o)
                0x000022c0                __gedf2
                0x000022c0                __gtdf2
 .text          0x000023a8       0xd8 c:/freescale/cw mcu v10.6/cross_tools/arm-none-eabi-gcc-4_7_3/bin/../lib/gcc/arm-none-eabi/4.7.3/armv6-m\libgcc.a(ledf2.o)
                0x000023a8                __ledf2
                0x000023a8                __ltdf2
 .text          0x00002480      0x4e4 c:/freescale/cw mcu v10.6/cross_tools/arm-none-eabi-gcc-4_7_3/bin/../lib/gcc/arm-none-eabi/4.7.3/armv6-m\libgcc.a(muldf3.o)
                0x00002480                __aeabi_dmul
 .text          0x00002964      0x6f8 c:/freescale/cw mcu v10.6/cross_tools/arm-none-eabi-gcc-4_7_3/bin/../lib/gcc/arm-none-eabi/4.7.3/armv6-m\libgcc.a(subdf3.o)
                0x00002964                __aeabi_dsub
 .text          0x0000305c       0x74 c:/freescale/cw mcu v10.6/cross_tools/arm-none-eabi-gcc-4_7_3/bin/../lib/gcc/arm-none-eabi/4.7.3/armv6-m\libgcc.a(floatsidf.o)
                0x0000305c                __aeabi_i2d
 .text          0x000030d0       0xa8 c:/freescale/cw mcu v10.6/cross_tools/arm-none-eabi-gcc-4_7_3/bin/../lib/gcc/arm-none-eabi/4.7.3/armv6-m\libgcc.a(extendsfdf2.o)
                0x000030d0                __aeabi_f2d
 .text          0x00003178      0x134 c:/freescale/cw mcu v10.6/cross_tools/arm-none-eabi-gcc-4_7_3/bin/../lib/gcc/arm-none-eabi/4.7.3/armv6-m\libgcc.a(truncdfsf2.o)
                0x00003178                __aeabi_d2f
 .text          0x000032ac       0x3c c:/freescale/cw mcu v10.6/cross_tools/arm-none-eabi-gcc-4_7_3/bin/../lib/gcc/arm-none-eabi/4.7.3/armv6-m\libgcc.a(_clzsi2.o)
                0x000032ac                __clzsi2
 *(.text*)
 .text.TimerIntLdd2_Init
                0x000032e8       0x50 ./Generated_Code/TimerIntLdd2.o
                0x000032e8                TimerIntLdd2_Init
 .text.TU3_OnCounterRestart
                0x00003338       0x24 ./Generated_Code/TimerIntLdd2.o
                0x00003338                TU3_OnCounterRestart
 .text.TimerIntLdd1_Init
                0x0000335c       0x50 ./Generated_Code/TimerIntLdd1.o
                0x0000335c                TimerIntLdd1_Init
 .text.TU2_OnCounterRestart
                0x000033ac       0x24 ./Generated_Code/TimerIntLdd1.o
                0x000033ac                TU2_OnCounterRestart
 .text.TU4_Init
                0x000033d0       0xdc ./Generated_Code/TU4.o
                0x000033d0                TU4_Init
 .text.TU4_ResetCounter
                0x000034ac       0xa0 ./Generated_Code/TU4.o
                0x000034ac                TU4_ResetCounter
 .text.TU4_Interrupt
                0x0000354c       0x44 ./Generated_Code/TU4.o
                0x0000354c                TU4_Interrupt
 .text.TU3_Init
                0x00003590       0x98 ./Generated_Code/TU3.o
                0x00003590                TU3_Init
 .text.TU3_Interrupt
                0x00003628       0x34 ./Generated_Code/TU3.o
                0x00003628                TU3_Interrupt
 .text.TU2_Init
                0x0000365c       0xe0 ./Generated_Code/TU2.o
                0x0000365c                TU2_Init
 .text.TU2_Interrupt
                0x0000373c       0x44 ./Generated_Code/TU2.o
                0x0000373c                TU2_Interrupt
 .text.TU1_Init
                0x00003780       0xfc ./Generated_Code/TU1.o
                0x00003780                TU1_Init
 .text.TU1_Enable
                0x0000387c       0x30 ./Generated_Code/TU1.o
                0x0000387c                TU1_Enable
 .text.TU1_Disable
                0x000038ac       0x24 ./Generated_Code/TU1.o
                0x000038ac                TU1_Disable
 .text.TU1_ResetCounter
                0x000038d0       0x1c ./Generated_Code/TU1.o
                0x000038d0                TU1_ResetCounter
 .text.TU1_Interrupt
                0x000038ec       0x5c ./Generated_Code/TU1.o
                0x000038ec                TU1_Interrupt
 .text.TimerIntLdd2_OnInterrupt
                0x00003948       0x14 ./Generated_Code/TI2.o
                0x00003948                TimerIntLdd2_OnInterrupt
 .text.TimerIntLdd1_OnInterrupt
                0x0000395c       0x14 ./Generated_Code/TI1.o
                0x0000395c                TimerIntLdd1_OnInterrupt
 .text.Send_Init
                0x00003970       0x98 ./Generated_Code/Send.o
                0x00003970                Send_Init
 .text.Send_Interrupt
                0x00003a08       0x30 ./Generated_Code/Send.o
                0x00003a08                Send_Interrupt
 .text.RealTimeLdd2_Init
                0x00003a38       0x5c ./Generated_Code/RealTimeLdd2.o
                0x00003a38                RealTimeLdd2_Init
 .text.RealTimeLdd2_Enable
                0x00003a94       0x30 ./Generated_Code/RealTimeLdd2.o
                0x00003a94                RealTimeLdd2_Enable
 .text.RealTimeLdd2_Disable
                0x00003ac4       0x30 ./Generated_Code/RealTimeLdd2.o
                0x00003ac4                RealTimeLdd2_Disable
 .text.RealTimeLdd2_Reset
                0x00003af4       0x7c ./Generated_Code/RealTimeLdd2.o
                0x00003af4                RealTimeLdd2_Reset
 .text.RealTimeLdd2_GetTimeMS
                0x00003b70       0xc0 ./Generated_Code/RealTimeLdd2.o
                0x00003b70                RealTimeLdd2_GetTimeMS
 .text.TU1_OnCounterRestart
                0x00003c30       0x30 ./Generated_Code/RealTimeLdd2.o
                0x00003c30                TU1_OnCounterRestart
 .text.RealTimeLdd1_Init
                0x00003c60       0x5c ./Generated_Code/RealTimeLdd1.o
                0x00003c60                RealTimeLdd1_Init
 .text.RealTimeLdd1_Reset
                0x00003cbc       0x7c ./Generated_Code/RealTimeLdd1.o
                0x00003cbc                RealTimeLdd1_Reset
 .text.RealTimeLdd1_GetTimeMS
                0x00003d38       0xc0 ./Generated_Code/RealTimeLdd1.o
                0x00003d38                RealTimeLdd1_GetTimeMS
 .text.TU4_OnCounterRestart
                0x00003df8       0x30 ./Generated_Code/RealTimeLdd1.o
                0x00003df8                TU4_OnCounterRestart
 .text.OVC_Init
                0x00003e28       0xb4 ./Generated_Code/OVC.o
                0x00003e28                OVC_Init
 .text.OVC_Interrupt
                0x00003edc       0x5c ./Generated_Code/OVC.o
                0x00003edc                OVC_Interrupt
 .text.Cpu_ivINT_PIT
                0x00003f38       0x10 ./Generated_Code/Cpu.o
                0x00003f38                Cpu_ivINT_PIT
 .text.Cpu_INT_NMIInterrupt
                0x00003f48        0xc ./Generated_Code/Cpu.o
                0x00003f48                Cpu_INT_NMIInterrupt
 .text.Cpu_Interrupt
                0x00003f54        0xc ./Generated_Code/Cpu.o
                0x00003f54                Cpu_Interrupt
 .text.__init_hardware
                0x00003f60      0x128 ./Generated_Code/Cpu.o
                0x00003f60                __init_hardware
 .text.PE_low_level_init
                0x00004088      0x108 ./Generated_Code/Cpu.o
                0x00004088                PE_low_level_init
 .text.BitIoLdd3_Init
                0x00004190       0x60 ./Generated_Code/BitIoLdd3.o
                0x00004190                BitIoLdd3_Init
 .text.BitIoLdd3_GetVal
                0x000041f0       0x28 ./Generated_Code/BitIoLdd3.o
                0x000041f0                BitIoLdd3_GetVal
 .text.BitIoLdd3_PutVal
                0x00004218       0x30 ./Generated_Code/BitIoLdd3.o
                0x00004218                BitIoLdd3_PutVal
 .text.BitIoLdd2_Init
                0x00004248       0x60 ./Generated_Code/BitIoLdd2.o
                0x00004248                BitIoLdd2_Init
 .text.BitIoLdd2_PutVal
                0x000042a8       0x30 ./Generated_Code/BitIoLdd2.o
                0x000042a8                BitIoLdd2_PutVal
 .text.BitIoLdd1_Init
                0x000042d8       0x64 ./Generated_Code/BitIoLdd1.o
                0x000042d8                BitIoLdd1_Init
 .text.BitIoLdd1_NegVal
                0x0000433c       0x1c ./Generated_Code/BitIoLdd1.o
                0x0000433c                BitIoLdd1_NegVal
 .text.AdcLdd1_Init
                0x00004358       0xdc ./Generated_Code/AdcLdd1.o
                0x00004358                AdcLdd1_Init
 .text.AdcLdd1_StartSingleMeasurement
                0x00004434       0x44 ./Generated_Code/AdcLdd1.o
                0x00004434                AdcLdd1_StartSingleMeasurement
 .text.AdcLdd1_CreateSampleGroup
                0x00004478       0x6c ./Generated_Code/AdcLdd1.o
                0x00004478                AdcLdd1_CreateSampleGroup
 .text.AdcLdd1_GetMeasuredValues
                0x000044e4       0x60 ./Generated_Code/AdcLdd1.o
                0x000044e4                AdcLdd1_GetMeasuredValues
 .text.AdcLdd1_GetCalibrationResultStatus
                0x00004544       0xb8 ./Generated_Code/AdcLdd1.o
                0x00004544                AdcLdd1_GetCalibrationResultStatus
 .text.AdcLdd1_MeasurementCompleteInterrupt
                0x000045fc       0x30 ./Generated_Code/AdcLdd1.o
                0x000045fc                AdcLdd1_MeasurementCompleteInterrupt
 .text.ASerialLdd1_Init
                0x0000462c      0x1c4 ./Generated_Code/ASerialLdd1.o
                0x0000462c                ASerialLdd1_Init
 .text.ASerialLdd1_ReceiveBlock
                0x000047f0       0x98 ./Generated_Code/ASerialLdd1.o
                0x000047f0                ASerialLdd1_ReceiveBlock
 .text.ASerialLdd1_SendBlock
                0x00004888       0xc4 ./Generated_Code/ASerialLdd1.o
                0x00004888                ASerialLdd1_SendBlock
 .text.InterruptRx
                0x0000494c       0x58 ./Generated_Code/ASerialLdd1.o
 .text.InterruptTx
                0x000049a4       0x80 ./Generated_Code/ASerialLdd1.o
 .text.ASerialLdd1_Interrupt
                0x00004a24       0xfc ./Generated_Code/ASerialLdd1.o
                0x00004a24                ASerialLdd1_Interrupt
 .text.ASerialLdd1_GetError
                0x00004b20       0x74 ./Generated_Code/ASerialLdd1.o
                0x00004b20                ASerialLdd1_GetError
 .text.HWEnDi   0x00004b94       0x20 ./Generated_Code/AS1.o
 .text.AS1_RecvChar
                0x00004bb4       0xf0 ./Generated_Code/AS1.o
                0x00004bb4                AS1_RecvChar
 .text.AS1_SendChar
                0x00004ca4       0xf8 ./Generated_Code/AS1.o
                0x00004ca4                AS1_SendChar
 .text.AS1_ClearTxBuf
                0x00004d9c       0x78 ./Generated_Code/AS1.o
                0x00004d9c                AS1_ClearTxBuf
 .text.AS1_Init
                0x00004e14       0x64 ./Generated_Code/AS1.o
                0x00004e14                AS1_Init
 .text.ASerialLdd1_OnBlockReceived
                0x00004e78       0xcc ./Generated_Code/AS1.o
                0x00004e78                ASerialLdd1_OnBlockReceived
 .text.ASerialLdd1_OnBlockSent
                0x00004f44       0xec ./Generated_Code/AS1.o
                0x00004f44                ASerialLdd1_OnBlockSent
 .text.ASerialLdd1_OnError
                0x00005030       0x94 ./Generated_Code/AS1.o
                0x00005030                ASerialLdd1_OnError
 .text.ASerialLdd1_OnBreak
                0x000050c4       0x20 ./Generated_Code/AS1.o
                0x000050c4                ASerialLdd1_OnBreak
 .text.ClrSumV  0x000050e4       0x24 ./Generated_Code/AD1.o
 .text.AD1_HWEnDi
                0x00005108       0x58 ./Generated_Code/AD1.o
                0x00005108                AD1_HWEnDi
 .text.AD1_Measure
                0x00005160       0x48 ./Generated_Code/AD1.o
                0x00005160                AD1_Measure
 .text.AD1_GetChanValue16
                0x000051a8       0x4c ./Generated_Code/AD1.o
                0x000051a8                AD1_GetChanValue16
 .text.AdcLdd1_OnMeasurementComplete
                0x000051f4       0xb4 ./Generated_Code/AD1.o
                0x000051f4                AdcLdd1_OnMeasurementComplete
 .text.AD1_Init
                0x000052a8       0x2c ./Generated_Code/AD1.o
                0x000052a8                AD1_Init
 .text.zero_fill_bss
                0x000052d4       0x24 ./Project_Settings/Startup_Code/__arm_start.o
 .text.__thumb_startup
                0x000052f8       0x30 ./Project_Settings/Startup_Code/__arm_start.o
                0x000052f8                __thumb_startup
 .text._ExitProcess
                0x00005328        0xc ./Project_Settings/Startup_Code/__arm_end.o
                0x00005328                _ExitProcess
 *fill*         0x00005334        0x4 00
 .text.main     0x00005338      0x248 ./Sources/main.o
                0x00005338                main
 .text.Cpu_OnNMIINT
                0x00005580        0x8 ./Sources/Events.o
                0x00005580                Cpu_OnNMIINT
 .text.AD1_OnEnd
                0x00005588      0x328 ./Sources/Events.o
                0x00005588                AD1_OnEnd
 .text.AD1_OnCalibrationEnd
                0x000058b0        0x8 ./Sources/Events.o
                0x000058b0                AD1_OnCalibrationEnd
 .text.AS1_OnError
                0x000058b8        0x8 ./Sources/Events.o
                0x000058b8                AS1_OnError
 .text.AS1_OnRxChar
                0x000058c0       0x7c ./Sources/Events.o
                0x000058c0                AS1_OnRxChar
 .text.AS1_OnTxChar
                0x0000593c        0x8 ./Sources/Events.o
                0x0000593c                AS1_OnTxChar
 .text.AS1_OnFullRxBuf
                0x00005944        0x8 ./Sources/Events.o
                0x00005944                AS1_OnFullRxBuf
 .text.AS1_OnFreeTxBuf
                0x0000594c        0x8 ./Sources/Events.o
                0x0000594c                AS1_OnFreeTxBuf
 .text.Send_OnCounterRestart
                0x00005954       0x18 ./Sources/Events.o
                0x00005954                Send_OnCounterRestart
 .text.TI1_OnInterrupt
                0x0000596c      0x390 ./Sources/Events.o
                0x0000596c                TI1_OnInterrupt
 .text.TI2_OnInterrupt
                0x00005cfc       0x58 ./Sources/Events.o
                0x00005cfc                TI2_OnInterrupt
 *fill*         0x00005d54        0x4 00
 .text.OVC_OnCounterRestart
                0x00005d58       0xd8 ./Sources/Events.o
                0x00005d58                OVC_OnCounterRestart
 .text.exit     0x00005e30       0x38 C:/Freescale/CW MCU v10.6/MCU/ARM_GCC_Support/ewl/lib/armv6-m\libc.a(exit.o)
                0x00005e30                exit
 .text.memset   0x00005e68        0xc C:/Freescale/CW MCU v10.6/MCU/ARM_GCC_Support/ewl/lib/armv6-m\libc.a(memset.o)
                0x00005e68                memset
 .text.long2str.isra.0
                0x00005e74      0x19c C:/Freescale/CW MCU v10.6/MCU/ARM_GCC_Support/ewl/lib/armv6-m\libc.a(printformat_.o)
 .text.__pformatter_
                0x00006010      0x428 C:/Freescale/CW MCU v10.6/MCU/ARM_GCC_Support/ewl/lib/armv6-m\libc.a(printformat_.o)
                0x00006010                __pformatter_
 .text.__sformatter
                0x00006438      0x698 C:/Freescale/CW MCU v10.6/MCU/ARM_GCC_Support/ewl/lib/armv6-m\libc.a(scanformat_.o)
                0x00006438                __sformatter
 .text.isalpha  0x00006ad0       0x20 C:/Freescale/CW MCU v10.6/MCU/ARM_GCC_Support/ewl/lib/armv6-m\libc.a(ctype_aeabi.o)
                0x00006ad0                isalpha
 .text.isspace  0x00006af0       0x20 C:/Freescale/CW MCU v10.6/MCU/ARM_GCC_Support/ewl/lib/armv6-m\libc.a(ctype_aeabi.o)
                0x00006af0                isspace
 .text.toupper  0x00006b10        0xe C:/Freescale/CW MCU v10.6/MCU/ARM_GCC_Support/ewl/lib/armv6-m\libc.a(ctype_aeabi.o)
                0x00006b10                toupper
 .text.__strtoul
                0x00006b1e      0x1ce C:/Freescale/CW MCU v10.6/MCU/ARM_GCC_Support/ewl/lib/armv6-m\libc.a(__strtoul.o)
                0x00006b1e                __strtoul
 .text.__fill_mem
                0x00006cec       0x7e C:/Freescale/CW MCU v10.6/MCU/ARM_GCC_Support/ewl/lib/armv6-m\libc.a(__filll_mem.o)
                0x00006cec                __fill_mem
 .text.memchr   0x00006d6a       0x1a C:/Freescale/CW MCU v10.6/MCU/ARM_GCC_Support/ewl/lib/armv6-m\libc.a(memchr.o)
                0x00006d6a                memchr
 .text.memcpy   0x00006d84       0x12 C:/Freescale/CW MCU v10.6/MCU/ARM_GCC_Support/ewl/lib/armv6-m\libc.a(memcpy.o)
                0x00006d84                memcpy
 .text.strchr   0x00006d96       0x1e C:/Freescale/CW MCU v10.6/MCU/ARM_GCC_Support/ewl/lib/armv6-m\libc.a(strchr.o)
                0x00006d96                strchr
 .text.strlen   0x00006db4       0x10 C:/Freescale/CW MCU v10.6/MCU/ARM_GCC_Support/ewl/lib/armv6-m\libc.a(strlen.o)
                0x00006db4                strlen
 .text.__init_cpp
                0x00006dc4       0x48 C:/Freescale/CW MCU v10.6/MCU/ARM_GCC_Support/ewl/lib/armv6-m\librt.a(gcc_ctor_dtor.o)
                0x00006dc4                __init_cpp
 .text.__fini_cpp
                0x00006e0c       0x34 C:/Freescale/CW MCU v10.6/MCU/ARM_GCC_Support/ewl/lib/armv6-m\librt.a(gcc_ctor_dtor.o)
                0x00006e0c                __fini_cpp
 .text.__copy_rom_section
                0x00006e40       0x48 C:/Freescale/CW MCU v10.6/MCU/ARM_GCC_Support/ewl/lib/armv6-m\librt.a(ROMCopy.o)
                0x00006e40                __copy_rom_section
 .text.__copy_rom_sections_to_ram
                0x00006e88       0x34 C:/Freescale/CW MCU v10.6/MCU/ARM_GCC_Support/ewl/lib/armv6-m\librt.a(ROMCopy.o)
                0x00006e88                __copy_rom_sections_to_ram
 .text.__destroy_global_chain
                0x00006ebc       0x1c C:/Freescale/CW MCU v10.6/MCU/ARM_GCC_Support/ewl/lib/armv6-m\librt.a(__arm_eabi_init.o)
                0x00006ebc                __destroy_global_chain
 .text.__init_registers
                0x00006ed8       0x1c C:/Freescale/CW MCU v10.6/MCU/ARM_GCC_Support/ewl/lib/armv6-m\librt.a(__arm_eabi_init.o)
                0x00006ed8                __init_registers
 .text.__init_user
                0x00006ef4        0x4 C:/Freescale/CW MCU v10.6/MCU/ARM_GCC_Support/ewl/lib/armv6-m\librt.a(__arm_eabi_init.o)
                0x00006ef4                __init_user
 *(.rodata)
 .rodata        0x00006ef8       0x40 c:/freescale/cw mcu v10.6/cross_tools/arm-none-eabi-gcc-4_7_3/bin/../lib/gcc/arm-none-eabi/4.7.3/armv6-m\libgcc.a(divsf3.o)
 .rodata        0x00006f38       0x40 c:/freescale/cw mcu v10.6/cross_tools/arm-none-eabi-gcc-4_7_3/bin/../lib/gcc/arm-none-eabi/4.7.3/armv6-m\libgcc.a(mulsf3.o)
 .rodata        0x00006f78       0x40 c:/freescale/cw mcu v10.6/cross_tools/arm-none-eabi-gcc-4_7_3/bin/../lib/gcc/arm-none-eabi/4.7.3/armv6-m\libgcc.a(divdf3.o)
 .rodata        0x00006fb8       0x40 c:/freescale/cw mcu v10.6/cross_tools/arm-none-eabi-gcc-4_7_3/bin/../lib/gcc/arm-none-eabi/4.7.3/armv6-m\libgcc.a(muldf3.o)
 *(.rodata*)
 .rodata.ChannelToPin
                0x00006ff8        0x4 ./Generated_Code/AdcLdd1.o
 .rodata.str1.1
                0x00006ffc        0x1 C:/Freescale/CW MCU v10.6/MCU/ARM_GCC_Support/ewl/lib/armv6-m\libc.a(printformat_.o)
 .rodata.CSWTCH.20
                0x00006ffd        0x5 C:/Freescale/CW MCU v10.6/MCU/ARM_GCC_Support/ewl/lib/armv6-m\libc.a(printformat_.o)
 .rodata.CSWTCH.21
                0x00007002        0x5 C:/Freescale/CW MCU v10.6/MCU/ARM_GCC_Support/ewl/lib/armv6-m\libc.a(printformat_.o)
 .rodata.__aeabi_ctype_table_C
                0x00007007      0x101 C:/Freescale/CW MCU v10.6/MCU/ARM_GCC_Support/ewl/lib/armv6-m\libc.a(ctype_aeabi.o)
                0x00007007                __aeabi_ctype_table_C
 *(.glue_7)
 .glue_7        0x00000000        0x0 linker stubs
 *(.glue_7t)
 .glue_7t       0x00000000        0x0 linker stubs
 *(.eh_frame)
 *(.init)
 *(.fini)
                0x00007108                . = ALIGN (0x4)
                0x00007108                _etext = .

.vfp11_veneer   0x00007108        0x0
 .vfp11_veneer  0x00000000        0x0 linker stubs

.v4_bx          0x00007108        0x0
 .v4_bx         0x00000000        0x0 linker stubs

.iplt           0x00007108        0x0
 .iplt          0x00000000        0x0 ./Generated_Code/relay.o

.rel.dyn        0x00007108        0x0
 .rel.iplt      0x00000000        0x0 ./Generated_Code/relay.o

.ARM.extab
 *(.ARM.extab* .gnu.linkonce.armextab.*)

.ARM            0x00007108        0x0
                0x00007108                __exidx_start = .
 *(.ARM.exidx*)
                0x00007108                __exidx_end = .

.ctors          0x00007108        0x0
                0x00007108                __CTOR_LIST__ = .
 *crtbegin.o(.ctors)
 *(EXCLUDE_FILE(*crtend.o) .ctors)
 *(SORT(.ctors.*))
 *(.ctors)
                0x00007108                __CTOR_END__ = .

.dtors          0x00007108        0x0
                0x00007108                __DTOR_LIST__ = .
 *crtbegin.o(.dtors)
 *(EXCLUDE_FILE(*crtend.o) .dtors)
 *(SORT(.dtors.*))
 *(.dtors)
                0x00007108                __DTOR_END__ = .

.preinit_array  0x00007108        0x0
                0x00007108                PROVIDE (__preinit_array_start, .)
 *(.preinit_array*)
                0x00007108                PROVIDE (__preinit_array_end, .)

.init_array     0x00007108        0x0
                0x00007108                PROVIDE (__init_array_start, .)
 *(SORT(.init_array.*))
 *(.init_array*)
                0x00007108                PROVIDE (__init_array_end, .)

.fini_array     0x00007108        0x0
                0x00007108                PROVIDE (__fini_array_start, .)
 *(SORT(.fini_array.*))
 *(.fini_array*)
                0x00007108                PROVIDE (__fini_array_end, .)
                0x00007108                ___ROM_AT = .

.mtb            0x1fffe000        0x0
                0x1fffe000                . = ALIGN (0x8)
                0x1fffe000                _mtb_start = .
 *(.mtb_buf)
                0x1fffe000                . = ALIGN (0x8)
                0x1fffe000                _mtb_end = .

.data           0x1fffe000        0x0 load address 0x00007108
                0x1fffe000                . = ALIGN (0x4)
                0x1fffe000                _sdata = .
 *(.data)
 *(.data*)
                0x1fffe000                . = ALIGN (0x4)
                0x1fffe000                _edata = .
                0x00000000                ___data_size = (_edata - _sdata)

.igot.plt       0x1fffe000        0x0
 .igot.plt      0x00000000        0x0 ./Generated_Code/relay.o
                0x1fffe000                . = ALIGN (0x4)

.bss            0x1fffe000     0x1978
                0x1fffe000                __START_BSS = .
                0x1fffe000                PROVIDE (__bss_start__, __START_BSS)
 *(.bss)
 *(.bss*)
 .bss.DeviceDataPrv__DEFAULT_RTOS_ALLOC
                0x1fffe000        0xc ./Generated_Code/TimerIntLdd2.o
 .bss.DeviceDataPrv__DEFAULT_RTOS_ALLOC
                0x1fffe00c        0xc ./Generated_Code/TimerIntLdd1.o
 .bss.DeviceDataPrv__DEFAULT_RTOS_ALLOC
                0x1fffe018        0x8 ./Generated_Code/TU4.o
 .bss.INT_PIT__DEFAULT_RTOS_ISRPARAM
                0x1fffe020        0x4 ./Generated_Code/TU4.o
 .bss.DeviceDataPrv__DEFAULT_RTOS_ALLOC
                0x1fffe024        0x8 ./Generated_Code/TU3.o
 .bss.INT_SysTick__DEFAULT_RTOS_ISRPARAM
                0x1fffe02c        0x4 ./Generated_Code/TU3.o
 .bss.DeviceDataPrv__DEFAULT_RTOS_ALLOC
                0x1fffe030        0x8 ./Generated_Code/TU2.o
 .bss.INT_PIT__DEFAULT_RTOS_ISRPARAM
                0x1fffe038        0x4 ./Generated_Code/TU2.o
 .bss.DeviceDataPrv__DEFAULT_RTOS_ALLOC
                0x1fffe03c       0x10 ./Generated_Code/TU1.o
 .bss.INT_TPM0__DEFAULT_RTOS_ISRPARAM
                0x1fffe04c        0x4 ./Generated_Code/TU1.o
 .bss.DeviceDataPrv__DEFAULT_RTOS_ALLOC
                0x1fffe050        0x4 ./Generated_Code/Send.o
 .bss.INT_LPTimer__DEFAULT_RTOS_ISRPARAM
                0x1fffe054        0x4 ./Generated_Code/Send.o
 .bss.DeviceDataPrv__DEFAULT_RTOS_ALLOC
                0x1fffe058       0x14 ./Generated_Code/RealTimeLdd2.o
 .bss.DeviceDataPrv__DEFAULT_RTOS_ALLOC
                0x1fffe06c       0x14 ./Generated_Code/RealTimeLdd1.o
 .bss.PE_LDD_DeviceDataList
                0x1fffe080       0x3c ./Generated_Code/PE_LDD.o
                0x1fffe080                PE_LDD_DeviceDataList
 .bss.DeviceDataPrv__DEFAULT_RTOS_ALLOC
                0x1fffe0bc        0x8 ./Generated_Code/OVC.o
 .bss.INT_TPM1__DEFAULT_RTOS_ISRPARAM
                0x1fffe0c4        0x4 ./Generated_Code/OVC.o
 .bss.SR_lock   0x1fffe0c8        0x1 ./Generated_Code/Cpu.o
                0x1fffe0c8                SR_lock
 *fill*         0x1fffe0c9        0x3 00
 .bss.DeviceDataPrv__DEFAULT_RTOS_ALLOC
                0x1fffe0cc        0x4 ./Generated_Code/BitIoLdd3.o
 .bss.DeviceDataPrv__DEFAULT_RTOS_ALLOC
                0x1fffe0d0        0x4 ./Generated_Code/BitIoLdd2.o
 .bss.DeviceDataPrv__DEFAULT_RTOS_ALLOC
                0x1fffe0d4        0x4 ./Generated_Code/BitIoLdd1.o
 .bss.DeviceDataPrv__DEFAULT_RTOS_ALLOC
                0x1fffe0d8        0x8 ./Generated_Code/AdcLdd1.o
 .bss.INT_ADC0__DEFAULT_RTOS_ISRPARAM
                0x1fffe0e0        0x4 ./Generated_Code/AdcLdd1.o
 .bss.DeviceDataPrv__DEFAULT_RTOS_ALLOC
                0x1fffe0e4       0x20 ./Generated_Code/ASerialLdd1.o
 .bss.INT_UART0__DEFAULT_RTOS_ISRPARAM
                0x1fffe104        0x4 ./Generated_Code/ASerialLdd1.o
 .bss.SerFlag   0x1fffe108        0x2 ./Generated_Code/AS1.o
 .bss.AS1_InpLen
                0x1fffe10a        0x2 ./Generated_Code/AS1.o
 .bss.InpIndexR
                0x1fffe10c        0x2 ./Generated_Code/AS1.o
 .bss.InpIndexW
                0x1fffe10e        0x2 ./Generated_Code/AS1.o
 .bss.InpBuffer
                0x1fffe110      0x3e8 ./Generated_Code/AS1.o
 .bss.BufferRead
                0x1fffe4f8        0x1 ./Generated_Code/AS1.o
 *fill*         0x1fffe4f9        0x1 00
 .bss.AS1_OutLen
                0x1fffe4fa        0x2 ./Generated_Code/AS1.o
 .bss.OutIndexR
                0x1fffe4fc        0x2 ./Generated_Code/AS1.o
 .bss.OutIndexW
                0x1fffe4fe        0x2 ./Generated_Code/AS1.o
 .bss.OutBuffer
                0x1fffe500     0x1388 ./Generated_Code/AS1.o
 .bss.OnFreeTxBufSemaphore
                0x1ffff888        0x1 ./Generated_Code/AS1.o
 .bss.SumChan   0x1ffff889        0x1 ./Generated_Code/AD1.o
 .bss.ModeFlg   0x1ffff88a        0x1 ./Generated_Code/AD1.o
 *fill*         0x1ffff88b        0x1 00
 .bss.SampleGroup
                0x1ffff88c        0x4 ./Generated_Code/AD1.o
 .bss.OutFlg    0x1ffff890        0x1 ./Generated_Code/AD1.o
 *fill*         0x1ffff891        0x3 00
 .bss.argv      0x1ffff894        0x4 ./Project_Settings/Startup_Code/__arm_start.o
 .bss.vp        0x1ffff898        0x4 ./Sources/Events.o
                0x1ffff898                vp
 .bss.cn        0x1ffff89c        0x4 ./Sources/Events.o
                0x1ffff89c                cn
 .bss.cn1       0x1ffff8a0        0x4 ./Sources/Events.o
                0x1ffff8a0                cn1
 .bss.timer     0x1ffff8a4        0x4 ./Sources/Events.o
                0x1ffff8a4                timer
 .bss.sc        0x1ffff8a8        0x4 ./Sources/Events.o
                0x1ffff8a8                sc
 .bss.indxrv    0x1ffff8ac        0x4 ./Sources/Events.o
                0x1ffff8ac                indxrv
 .bss.__stdio_exit
                0x1ffff8b0        0x4 C:/Freescale/CW MCU v10.6/MCU/ARM_GCC_Support/ewl/lib/armv6-m\libc.a(exit.o)
                0x1ffff8b0                __stdio_exit
 .bss.__console_exit
                0x1ffff8b4        0x4 C:/Freescale/CW MCU v10.6/MCU/ARM_GCC_Support/ewl/lib/armv6-m\libc.a(exit.o)
                0x1ffff8b4                __console_exit
 .bss.__S_romp  0x1ffff8b8        0xc C:/Freescale/CW MCU v10.6/MCU/ARM_GCC_Support/ewl/lib/armv6-m\librt.a(ROMCopy.o)
 .bss.__global_destructor_chain
                0x1ffff8c4        0x4 C:/Freescale/CW MCU v10.6/MCU/ARM_GCC_Support/ewl/lib/armv6-m\librt.a(__arm_eabi_init.o)
                0x1ffff8c4                __global_destructor_chain
 *(COMMON)
 COMMON         0x1ffff8c8        0x1 ./Generated_Code/Cpu.o
                0x1ffff8c8                SR_reg
 *fill*         0x1ffff8c9        0x3 00
 COMMON         0x1ffff8cc        0x4 ./Generated_Code/AS1.o
                0x1ffff8cc                ASerialLdd1_DeviceDataPtr
 COMMON         0x1ffff8d0        0xc ./Generated_Code/AD1.o
                0x1ffff8d0                AD1_OutV
                0x1ffff8d8                AdcLdd1_DeviceDataPtr
 COMMON         0x1ffff8dc       0x28 ./Sources/main.o
                0x1ffff8dc                ch3
                0x1ffff8e0                v1
                0x1ffff8e4                cal
                0x1ffff8e8                ch2
                0x1ffff8ec                vch1
                0x1ffff8f0                vch2
                0x1ffff8f4                ch4
                0x1ffff8f8                cal2
                0x1ffff8fc                ch1
                0x1ffff900                i1
 COMMON         0x1ffff904       0x74 ./Sources/Events.o
                0x1ffff904                vp1
                0x1ffff908                p
                0x1ffff90c                ip
                0x1ffff910                Zs
                0x1ffff912                rvch
                0x1ffff914                vrms1
                0x1ffff918                a1
                0x1ffff91c                ms
                0x1ffff920                Vs
                0x1ffff924                vabs
                0x1ffff928                ip1
                0x1ffff92c                irms1
                0x1ffff930                iabs
                0x1ffff934                i
                0x1ffff938                v
                0x1ffff93c                irms
                0x1ffff940                irms2
                0x1ffff944                tm
                0x1ffff948                count
                0x1ffff94c                rev
                0x1ffff960                count1
                0x1ffff964                msrr
                0x1ffff968                Is
                0x1ffff96a                Ps
                0x1ffff96c                vrms
                0x1ffff970                vrms2
                0x1ffff974                pa
                0x1ffff978                . = ALIGN (0x4)
                0x1ffff978                __END_BSS = .
                0x1ffff978                PROVIDE (__bss_end__, __END_BSS)
                0x00007108                _romp_at = (___ROM_AT + SIZEOF (.data))

.romp           0x1ffff978       0x18 load address 0x00007108
                0x00007108                __S_romp = _romp_at
                0x1ffff978        0x4 LONG 0x7108 ___ROM_AT
                0x1ffff97c        0x4 LONG 0x1fffe000 _sdata
                0x1ffff980        0x4 LONG 0x0 ___data_size
                0x1ffff984        0x4 LONG 0x0
                0x1ffff988        0x4 LONG 0x0
                0x1ffff98c        0x4 LONG 0x0

._user_heap_stack
                0x1ffff990      0x400 load address 0x00007120
                0x1ffff990                . = ALIGN (0x4)
                0x1ffff990                PROVIDE (end, .)
                0x1ffff990                PROVIDE (_end, .)
                0x1ffff990                __heap_addr = .
                0x1ffff990                . = (. + __heap_size)
                0x1ffffd90                . = (. + __stack_size)
 *fill*         0x1ffff990      0x400 00
                0x1ffffd90                . = ALIGN (0x4)

.ARM.attributes
                0x00000000       0x31
 *(.ARM.attributes)
 .ARM.attributes
                0x00000000       0x31 ./Generated_Code/Vectors.o
 .ARM.attributes
                0x00000031       0x31 ./Generated_Code/TimerIntLdd2.o
 .ARM.attributes
                0x00000062       0x31 ./Generated_Code/TimerIntLdd1.o
 .ARM.attributes
                0x00000093       0x31 ./Generated_Code/TU4.o
 .ARM.attributes
                0x000000c4       0x31 ./Generated_Code/TU3.o
 .ARM.attributes
                0x000000f5       0x31 ./Generated_Code/TU2.o
 .ARM.attributes
                0x00000126       0x31 ./Generated_Code/TU1.o
 .ARM.attributes
                0x00000157       0x31 ./Generated_Code/TI2.o
 .ARM.attributes
                0x00000188       0x31 ./Generated_Code/TI1.o
 .ARM.attributes
                0x000001b9       0x31 ./Generated_Code/Send.o
 .ARM.attributes
                0x000001ea       0x31 ./Generated_Code/RealTimeLdd2.o
 .ARM.attributes
                0x0000021b       0x31 ./Generated_Code/RealTimeLdd1.o
 .ARM.attributes
                0x0000024c       0x31 ./Generated_Code/PE_LDD.o
 .ARM.attributes
                0x0000027d       0x31 ./Generated_Code/OVC.o
 .ARM.attributes
                0x000002ae       0x31 ./Generated_Code/Cpu.o
 .ARM.attributes
                0x000002df       0x31 ./Generated_Code/BitIoLdd3.o
 .ARM.attributes
                0x00000310       0x31 ./Generated_Code/BitIoLdd2.o
 .ARM.attributes
                0x00000341       0x31 ./Generated_Code/BitIoLdd1.o
 .ARM.attributes
                0x00000372       0x31 ./Generated_Code/AdcLdd1.o
 .ARM.attributes
                0x000003a3       0x31 ./Generated_Code/ASerialLdd1.o
 .ARM.attributes
                0x000003d4       0x31 ./Generated_Code/AS1.o
 .ARM.attributes
                0x00000405       0x31 ./Generated_Code/AD1.o
 .ARM.attributes
                0x00000436       0x31 ./Project_Settings/Startup_Code/__arm_start.o
 .ARM.attributes
                0x00000467       0x31 ./Project_Settings/Startup_Code/__arm_end.o
 .ARM.attributes
                0x00000498       0x31 ./Sources/main.o
 .ARM.attributes
                0x000004c9       0x31 ./Sources/Events.o
 .ARM.attributes
                0x000004fa       0x31 C:/Freescale/CW MCU v10.6/MCU/ARM_GCC_Support/ewl/lib/armv6-m\libc.a(exit.o)
 .ARM.attributes
                0x0000052b       0x31 C:/Freescale/CW MCU v10.6/MCU/ARM_GCC_Support/ewl/lib/armv6-m\libc.a(memset.o)
 .ARM.attributes
                0x0000055c       0x31 C:/Freescale/CW MCU v10.6/MCU/ARM_GCC_Support/ewl/lib/armv6-m\libc.a(printformat_.o)
 .ARM.attributes
                0x0000058d       0x31 C:/Freescale/CW MCU v10.6/MCU/ARM_GCC_Support/ewl/lib/armv6-m\libc.a(scanformat_.o)
 .ARM.attributes
                0x000005be       0x31 C:/Freescale/CW MCU v10.6/MCU/ARM_GCC_Support/ewl/lib/armv6-m\libc.a(ctype_aeabi.o)
 .ARM.attributes
                0x000005ef       0x31 C:/Freescale/CW MCU v10.6/MCU/ARM_GCC_Support/ewl/lib/armv6-m\libc.a(__strtoul.o)
 .ARM.attributes
                0x00000620       0x31 C:/Freescale/CW MCU v10.6/MCU/ARM_GCC_Support/ewl/lib/armv6-m\libc.a(__filll_mem.o)
 .ARM.attributes
                0x00000651       0x31 C:/Freescale/CW MCU v10.6/MCU/ARM_GCC_Support/ewl/lib/armv6-m\libc.a(memchr.o)
 .ARM.attributes
                0x00000682       0x31 C:/Freescale/CW MCU v10.6/MCU/ARM_GCC_Support/ewl/lib/armv6-m\libc.a(memcpy.o)
 .ARM.attributes
                0x000006b3       0x31 C:/Freescale/CW MCU v10.6/MCU/ARM_GCC_Support/ewl/lib/armv6-m\libc.a(strchr.o)
 .ARM.attributes
                0x000006e4       0x31 C:/Freescale/CW MCU v10.6/MCU/ARM_GCC_Support/ewl/lib/armv6-m\libc.a(strlen.o)
 .ARM.attributes
                0x00000715       0x1e c:/freescale/cw mcu v10.6/cross_tools/arm-none-eabi-gcc-4_7_3/bin/../lib/gcc/arm-none-eabi/4.7.3/armv6-m\libgcc.a(_thumb1_case_sqi.o)
 .ARM.attributes
                0x00000733       0x1e c:/freescale/cw mcu v10.6/cross_tools/arm-none-eabi-gcc-4_7_3/bin/../lib/gcc/arm-none-eabi/4.7.3/armv6-m\libgcc.a(_thumb1_case_uqi.o)
 .ARM.attributes
                0x00000751       0x1e c:/freescale/cw mcu v10.6/cross_tools/arm-none-eabi-gcc-4_7_3/bin/../lib/gcc/arm-none-eabi/4.7.3/armv6-m\libgcc.a(_udivsi3.o)
 .ARM.attributes
                0x0000076f       0x1e c:/freescale/cw mcu v10.6/cross_tools/arm-none-eabi-gcc-4_7_3/bin/../lib/gcc/arm-none-eabi/4.7.3/armv6-m\libgcc.a(_divsi3.o)
 .ARM.attributes
                0x0000078d       0x1e c:/freescale/cw mcu v10.6/cross_tools/arm-none-eabi-gcc-4_7_3/bin/../lib/gcc/arm-none-eabi/4.7.3/armv6-m\libgcc.a(_dvmd_tls.o)
 .ARM.attributes
                0x000007ab       0x1e c:/freescale/cw mcu v10.6/cross_tools/arm-none-eabi-gcc-4_7_3/bin/../lib/gcc/arm-none-eabi/4.7.3/armv6-m\libgcc.a(_arm_cmpdf2.o)
 .ARM.attributes
                0x000007c9       0x1e c:/freescale/cw mcu v10.6/cross_tools/arm-none-eabi-gcc-4_7_3/bin/../lib/gcc/arm-none-eabi/4.7.3/armv6-m\libgcc.a(_arm_cmpsf2.o)
 .ARM.attributes
                0x000007e7       0x2c c:/freescale/cw mcu v10.6/cross_tools/arm-none-eabi-gcc-4_7_3/bin/../lib/gcc/arm-none-eabi/4.7.3/armv6-m\libgcc.a(_fixunssfsi.o)
 .ARM.attributes
                0x00000813       0x2c c:/freescale/cw mcu v10.6/cross_tools/arm-none-eabi-gcc-4_7_3/bin/../lib/gcc/arm-none-eabi/4.7.3/armv6-m\libgcc.a(addsf3.o)
 .ARM.attributes
                0x0000083f       0x2c c:/freescale/cw mcu v10.6/cross_tools/arm-none-eabi-gcc-4_7_3/bin/../lib/gcc/arm-none-eabi/4.7.3/armv6-m\libgcc.a(divsf3.o)
 .ARM.attributes
                0x0000086b       0x2c c:/freescale/cw mcu v10.6/cross_tools/arm-none-eabi-gcc-4_7_3/bin/../lib/gcc/arm-none-eabi/4.7.3/armv6-m\libgcc.a(eqsf2.o)
 .ARM.attributes
                0x00000897       0x2c c:/freescale/cw mcu v10.6/cross_tools/arm-none-eabi-gcc-4_7_3/bin/../lib/gcc/arm-none-eabi/4.7.3/armv6-m\libgcc.a(gesf2.o)
 .ARM.attributes
                0x000008c3       0x2c c:/freescale/cw mcu v10.6/cross_tools/arm-none-eabi-gcc-4_7_3/bin/../lib/gcc/arm-none-eabi/4.7.3/armv6-m\libgcc.a(lesf2.o)
 .ARM.attributes
                0x000008ef       0x2c c:/freescale/cw mcu v10.6/cross_tools/arm-none-eabi-gcc-4_7_3/bin/../lib/gcc/arm-none-eabi/4.7.3/armv6-m\libgcc.a(mulsf3.o)
 .ARM.attributes
                0x0000091b       0x2c c:/freescale/cw mcu v10.6/cross_tools/arm-none-eabi-gcc-4_7_3/bin/../lib/gcc/arm-none-eabi/4.7.3/armv6-m\libgcc.a(subsf3.o)
 .ARM.attributes
                0x00000947       0x2c c:/freescale/cw mcu v10.6/cross_tools/arm-none-eabi-gcc-4_7_3/bin/../lib/gcc/arm-none-eabi/4.7.3/armv6-m\libgcc.a(fixsfsi.o)
 .ARM.attributes
                0x00000973       0x2c c:/freescale/cw mcu v10.6/cross_tools/arm-none-eabi-gcc-4_7_3/bin/../lib/gcc/arm-none-eabi/4.7.3/armv6-m\libgcc.a(floatunsisf.o)
 .ARM.attributes
                0x0000099f       0x2c c:/freescale/cw mcu v10.6/cross_tools/arm-none-eabi-gcc-4_7_3/bin/../lib/gcc/arm-none-eabi/4.7.3/armv6-m\libgcc.a(adddf3.o)
 .ARM.attributes
                0x000009cb       0x2c c:/freescale/cw mcu v10.6/cross_tools/arm-none-eabi-gcc-4_7_3/bin/../lib/gcc/arm-none-eabi/4.7.3/armv6-m\libgcc.a(divdf3.o)
 .ARM.attributes
                0x000009f7       0x2c c:/freescale/cw mcu v10.6/cross_tools/arm-none-eabi-gcc-4_7_3/bin/../lib/gcc/arm-none-eabi/4.7.3/armv6-m\libgcc.a(eqdf2.o)
 .ARM.attributes
                0x00000a23       0x2c c:/freescale/cw mcu v10.6/cross_tools/arm-none-eabi-gcc-4_7_3/bin/../lib/gcc/arm-none-eabi/4.7.3/armv6-m\libgcc.a(gedf2.o)
 .ARM.attributes
                0x00000a4f       0x2c c:/freescale/cw mcu v10.6/cross_tools/arm-none-eabi-gcc-4_7_3/bin/../lib/gcc/arm-none-eabi/4.7.3/armv6-m\libgcc.a(ledf2.o)
 .ARM.attributes
                0x00000a7b       0x2c c:/freescale/cw mcu v10.6/cross_tools/arm-none-eabi-gcc-4_7_3/bin/../lib/gcc/arm-none-eabi/4.7.3/armv6-m\libgcc.a(muldf3.o)
 .ARM.attributes
                0x00000aa7       0x2c c:/freescale/cw mcu v10.6/cross_tools/arm-none-eabi-gcc-4_7_3/bin/../lib/gcc/arm-none-eabi/4.7.3/armv6-m\libgcc.a(subdf3.o)
 .ARM.attributes
                0x00000ad3       0x2c c:/freescale/cw mcu v10.6/cross_tools/arm-none-eabi-gcc-4_7_3/bin/../lib/gcc/arm-none-eabi/4.7.3/armv6-m\libgcc.a(floatsidf.o)
 .ARM.attributes
                0x00000aff       0x2c c:/freescale/cw mcu v10.6/cross_tools/arm-none-eabi-gcc-4_7_3/bin/../lib/gcc/arm-none-eabi/4.7.3/armv6-m\libgcc.a(extendsfdf2.o)
 .ARM.attributes
                0x00000b2b       0x2c c:/freescale/cw mcu v10.6/cross_tools/arm-none-eabi-gcc-4_7_3/bin/../lib/gcc/arm-none-eabi/4.7.3/armv6-m\libgcc.a(truncdfsf2.o)
 .ARM.attributes
                0x00000b57       0x1e c:/freescale/cw mcu v10.6/cross_tools/arm-none-eabi-gcc-4_7_3/bin/../lib/gcc/arm-none-eabi/4.7.3/armv6-m\libgcc.a(_clzsi2.o)
 .ARM.attributes
                0x00000b75       0x31 C:/Freescale/CW MCU v10.6/MCU/ARM_GCC_Support/ewl/lib/armv6-m\librt.a(gcc_ctor_dtor.o)
 .ARM.attributes
                0x00000ba6       0x31 C:/Freescale/CW MCU v10.6/MCU/ARM_GCC_Support/ewl/lib/armv6-m\librt.a(ROMCopy.o)
 .ARM.attributes
                0x00000bd7       0x31 C:/Freescale/CW MCU v10.6/MCU/ARM_GCC_Support/ewl/lib/armv6-m\librt.a(__arm_eabi_init.o)
OUTPUT(MS3.elf elf32-littlearm)

.debug_info     0x00000000     0x8070
 .debug_info    0x00000000      0x104 ./Generated_Code/Vectors.o
 .debug_info    0x00000104      0x178 ./Generated_Code/TimerIntLdd2.o
 .debug_info    0x0000027c      0x178 ./Generated_Code/TimerIntLdd1.o
 .debug_info    0x000003f4      0x5fe ./Generated_Code/TU4.o
 .debug_info    0x000009f2      0x328 ./Generated_Code/TU3.o
 .debug_info    0x00000d1a      0x585 ./Generated_Code/TU2.o
 .debug_info    0x0000129f      0x664 ./Generated_Code/TU1.o
 .debug_info    0x00001903       0xa7 ./Generated_Code/TI2.o
 .debug_info    0x000019aa       0xa7 ./Generated_Code/TI1.o
 .debug_info    0x00001a51      0x4de ./Generated_Code/Send.o
 .debug_info    0x00001f2f      0x470 ./Generated_Code/RealTimeLdd2.o
 .debug_info    0x0000239f      0x362 ./Generated_Code/RealTimeLdd1.o
 .debug_info    0x00002701      0x24e ./Generated_Code/PE_LDD.o
 .debug_info    0x0000294f      0x599 ./Generated_Code/OVC.o
 .debug_info    0x00002ee8      0x8f6 ./Generated_Code/Cpu.o
 .debug_info    0x000037de      0x399 ./Generated_Code/BitIoLdd3.o
 .debug_info    0x00003b77      0x3d3 ./Generated_Code/BitIoLdd2.o
 .debug_info    0x00003f4a      0x3c3 ./Generated_Code/BitIoLdd1.o
 .debug_info    0x0000430d      0x959 ./Generated_Code/AdcLdd1.o
 .debug_info    0x00004c66      0x892 ./Generated_Code/ASerialLdd1.o
 .debug_info    0x000054f8      0x531 ./Generated_Code/AS1.o
 .debug_info    0x00005a29      0x2b1 ./Generated_Code/AD1.o
 .debug_info    0x00005cda      0x12a ./Project_Settings/Startup_Code/__arm_start.o
 .debug_info    0x00005e04       0x54 ./Project_Settings/Startup_Code/__arm_end.o
 .debug_info    0x00005e58      0x166 ./Sources/main.o
 .debug_info    0x00005fbe      0x49a ./Sources/Events.o
 .debug_info    0x00006458       0xe8 C:/Freescale/CW MCU v10.6/MCU/ARM_GCC_Support/ewl/lib/armv6-m\libc.a(exit.o)
 .debug_info    0x00006540       0xec C:/Freescale/CW MCU v10.6/MCU/ARM_GCC_Support/ewl/lib/armv6-m\libc.a(memset.o)
 .debug_info    0x0000662c      0x50d C:/Freescale/CW MCU v10.6/MCU/ARM_GCC_Support/ewl/lib/armv6-m\libc.a(printformat_.o)
 .debug_info    0x00006b39      0x568 C:/Freescale/CW MCU v10.6/MCU/ARM_GCC_Support/ewl/lib/armv6-m\libc.a(scanformat_.o)
 .debug_info    0x000070a1      0x313 C:/Freescale/CW MCU v10.6/MCU/ARM_GCC_Support/ewl/lib/armv6-m\libc.a(ctype_aeabi.o)
 .debug_info    0x000073b4      0x1d6 C:/Freescale/CW MCU v10.6/MCU/ARM_GCC_Support/ewl/lib/armv6-m\libc.a(__strtoul.o)
 .debug_info    0x0000758a      0x137 C:/Freescale/CW MCU v10.6/MCU/ARM_GCC_Support/ewl/lib/armv6-m\libc.a(__filll_mem.o)
 .debug_info    0x000076c1      0x121 C:/Freescale/CW MCU v10.6/MCU/ARM_GCC_Support/ewl/lib/armv6-m\libc.a(memchr.o)
 .debug_info    0x000077e2      0x10f C:/Freescale/CW MCU v10.6/MCU/ARM_GCC_Support/ewl/lib/armv6-m\libc.a(memcpy.o)
 .debug_info    0x000078f1      0x10b C:/Freescale/CW MCU v10.6/MCU/ARM_GCC_Support/ewl/lib/armv6-m\libc.a(strchr.o)
 .debug_info    0x000079fc       0xea C:/Freescale/CW MCU v10.6/MCU/ARM_GCC_Support/ewl/lib/armv6-m\libc.a(strlen.o)
 .debug_info    0x00007ae6      0x136 C:/Freescale/CW MCU v10.6/MCU/ARM_GCC_Support/ewl/lib/armv6-m\librt.a(gcc_ctor_dtor.o)
 .debug_info    0x00007c1c      0x19b C:/Freescale/CW MCU v10.6/MCU/ARM_GCC_Support/ewl/lib/armv6-m\librt.a(ROMCopy.o)
 .debug_info    0x00007db7      0x2b9 C:/Freescale/CW MCU v10.6/MCU/ARM_GCC_Support/ewl/lib/armv6-m\librt.a(__arm_eabi_init.o)

.debug_abbrev   0x00000000     0x2768
 .debug_abbrev  0x00000000       0xa3 ./Generated_Code/Vectors.o
 .debug_abbrev  0x000000a3       0xd2 ./Generated_Code/TimerIntLdd2.o
 .debug_abbrev  0x00000175       0xd2 ./Generated_Code/TimerIntLdd1.o
 .debug_abbrev  0x00000247      0x13b ./Generated_Code/TU4.o
 .debug_abbrev  0x00000382      0x134 ./Generated_Code/TU3.o
 .debug_abbrev  0x000004b6      0x132 ./Generated_Code/TU2.o
 .debug_abbrev  0x000005e8      0x178 ./Generated_Code/TU1.o
 .debug_abbrev  0x00000760       0x60 ./Generated_Code/TI2.o
 .debug_abbrev  0x000007c0       0x60 ./Generated_Code/TI1.o
 .debug_abbrev  0x00000820      0x134 ./Generated_Code/Send.o
 .debug_abbrev  0x00000954      0x126 ./Generated_Code/RealTimeLdd2.o
 .debug_abbrev  0x00000a7a      0x126 ./Generated_Code/RealTimeLdd1.o
 .debug_abbrev  0x00000ba0      0x102 ./Generated_Code/PE_LDD.o
 .debug_abbrev  0x00000ca2      0x141 ./Generated_Code/OVC.o
 .debug_abbrev  0x00000de3      0x122 ./Generated_Code/Cpu.o
 .debug_abbrev  0x00000f05      0x12b ./Generated_Code/BitIoLdd3.o
 .debug_abbrev  0x00001030      0x151 ./Generated_Code/BitIoLdd2.o
 .debug_abbrev  0x00001181      0x151 ./Generated_Code/BitIoLdd1.o
 .debug_abbrev  0x000012d2      0x1a6 ./Generated_Code/AdcLdd1.o
 .debug_abbrev  0x00001478      0x189 ./Generated_Code/ASerialLdd1.o
 .debug_abbrev  0x00001601      0x16d ./Generated_Code/AS1.o
 .debug_abbrev  0x0000176e      0x14f ./Generated_Code/AD1.o
 .debug_abbrev  0x000018bd       0x92 ./Project_Settings/Startup_Code/__arm_start.o
 .debug_abbrev  0x0000194f       0x4c ./Project_Settings/Startup_Code/__arm_end.o
 .debug_abbrev  0x0000199b       0x75 ./Sources/main.o
 .debug_abbrev  0x00001a10      0x12a ./Sources/Events.o
 .debug_abbrev  0x00001b3a       0x7a C:/Freescale/CW MCU v10.6/MCU/ARM_GCC_Support/ewl/lib/armv6-m\libc.a(exit.o)
 .debug_abbrev  0x00001bb4       0x62 C:/Freescale/CW MCU v10.6/MCU/ARM_GCC_Support/ewl/lib/armv6-m\libc.a(memset.o)
 .debug_abbrev  0x00001c16      0x200 C:/Freescale/CW MCU v10.6/MCU/ARM_GCC_Support/ewl/lib/armv6-m\libc.a(printformat_.o)
 .debug_abbrev  0x00001e16      0x1f0 C:/Freescale/CW MCU v10.6/MCU/ARM_GCC_Support/ewl/lib/armv6-m\libc.a(scanformat_.o)
 .debug_abbrev  0x00002006       0x9e C:/Freescale/CW MCU v10.6/MCU/ARM_GCC_Support/ewl/lib/armv6-m\libc.a(ctype_aeabi.o)
 .debug_abbrev  0x000020a4       0xc2 C:/Freescale/CW MCU v10.6/MCU/ARM_GCC_Support/ewl/lib/armv6-m\libc.a(__strtoul.o)
 .debug_abbrev  0x00002166       0x78 C:/Freescale/CW MCU v10.6/MCU/ARM_GCC_Support/ewl/lib/armv6-m\libc.a(__filll_mem.o)
 .debug_abbrev  0x000021de       0x95 C:/Freescale/CW MCU v10.6/MCU/ARM_GCC_Support/ewl/lib/armv6-m\libc.a(memchr.o)
 .debug_abbrev  0x00002273       0x95 C:/Freescale/CW MCU v10.6/MCU/ARM_GCC_Support/ewl/lib/armv6-m\libc.a(memcpy.o)
 .debug_abbrev  0x00002308       0x7a C:/Freescale/CW MCU v10.6/MCU/ARM_GCC_Support/ewl/lib/armv6-m\libc.a(strchr.o)
 .debug_abbrev  0x00002382       0x7a C:/Freescale/CW MCU v10.6/MCU/ARM_GCC_Support/ewl/lib/armv6-m\libc.a(strlen.o)
 .debug_abbrev  0x000023fc       0x99 C:/Freescale/CW MCU v10.6/MCU/ARM_GCC_Support/ewl/lib/armv6-m\librt.a(gcc_ctor_dtor.o)
 .debug_abbrev  0x00002495      0x120 C:/Freescale/CW MCU v10.6/MCU/ARM_GCC_Support/ewl/lib/armv6-m\librt.a(ROMCopy.o)
 .debug_abbrev  0x000025b5      0x1b3 C:/Freescale/CW MCU v10.6/MCU/ARM_GCC_Support/ewl/lib/armv6-m\librt.a(__arm_eabi_init.o)

.debug_aranges  0x00000000      0x888
 .debug_aranges
                0x00000000       0x18 ./Generated_Code/Vectors.o
 .debug_aranges
                0x00000018       0x28 ./Generated_Code/TimerIntLdd2.o
 .debug_aranges
                0x00000040       0x28 ./Generated_Code/TimerIntLdd1.o
 .debug_aranges
                0x00000068       0x30 ./Generated_Code/TU4.o
 .debug_aranges
                0x00000098       0x28 ./Generated_Code/TU3.o
 .debug_aranges
                0x000000c0       0x28 ./Generated_Code/TU2.o
 .debug_aranges
                0x000000e8       0x40 ./Generated_Code/TU1.o
 .debug_aranges
                0x00000128       0x20 ./Generated_Code/TI2.o
 .debug_aranges
                0x00000148       0x20 ./Generated_Code/TI1.o
 .debug_aranges
                0x00000168       0x28 ./Generated_Code/Send.o
 .debug_aranges
                0x00000190       0x58 ./Generated_Code/RealTimeLdd2.o
 .debug_aranges
                0x000001e8       0x40 ./Generated_Code/RealTimeLdd1.o
 .debug_aranges
                0x00000228       0x30 ./Generated_Code/PE_LDD.o
 .debug_aranges
                0x00000258       0x28 ./Generated_Code/OVC.o
 .debug_aranges
                0x00000280       0x40 ./Generated_Code/Cpu.o
 .debug_aranges
                0x000002c0       0x40 ./Generated_Code/BitIoLdd3.o
 .debug_aranges
                0x00000300       0x48 ./Generated_Code/BitIoLdd2.o
 .debug_aranges
                0x00000348       0x48 ./Generated_Code/BitIoLdd1.o
 .debug_aranges
                0x00000390       0x60 ./Generated_Code/AdcLdd1.o
 .debug_aranges
                0x000003f0       0x50 ./Generated_Code/ASerialLdd1.o
 .debug_aranges
                0x00000440       0x88 ./Generated_Code/AS1.o
 .debug_aranges
                0x000004c8       0x58 ./Generated_Code/AD1.o
 .debug_aranges
                0x00000520       0x30 ./Project_Settings/Startup_Code/__arm_start.o
 .debug_aranges
                0x00000550       0x20 ./Project_Settings/Startup_Code/__arm_end.o
 .debug_aranges
                0x00000570       0x20 ./Sources/main.o
 .debug_aranges
                0x00000590       0x78 ./Sources/Events.o
 .debug_aranges
                0x00000608       0x20 C:/Freescale/CW MCU v10.6/MCU/ARM_GCC_Support/ewl/lib/armv6-m\libc.a(exit.o)
 .debug_aranges
                0x00000628       0x20 C:/Freescale/CW MCU v10.6/MCU/ARM_GCC_Support/ewl/lib/armv6-m\libc.a(memset.o)
 .debug_aranges
                0x00000648       0x28 C:/Freescale/CW MCU v10.6/MCU/ARM_GCC_Support/ewl/lib/armv6-m\libc.a(printformat_.o)
 .debug_aranges
                0x00000670       0x20 C:/Freescale/CW MCU v10.6/MCU/ARM_GCC_Support/ewl/lib/armv6-m\libc.a(scanformat_.o)
 .debug_aranges
                0x00000690       0x88 C:/Freescale/CW MCU v10.6/MCU/ARM_GCC_Support/ewl/lib/armv6-m\libc.a(ctype_aeabi.o)
 .debug_aranges
                0x00000718       0x20 C:/Freescale/CW MCU v10.6/MCU/ARM_GCC_Support/ewl/lib/armv6-m\libc.a(__strtoul.o)
 .debug_aranges
                0x00000738       0x20 C:/Freescale/CW MCU v10.6/MCU/ARM_GCC_Support/ewl/lib/armv6-m\libc.a(__filll_mem.o)
 .debug_aranges
                0x00000758       0x20 C:/Freescale/CW MCU v10.6/MCU/ARM_GCC_Support/ewl/lib/armv6-m\libc.a(memchr.o)
 .debug_aranges
                0x00000778       0x20 C:/Freescale/CW MCU v10.6/MCU/ARM_GCC_Support/ewl/lib/armv6-m\libc.a(memcpy.o)
 .debug_aranges
                0x00000798       0x20 C:/Freescale/CW MCU v10.6/MCU/ARM_GCC_Support/ewl/lib/armv6-m\libc.a(strchr.o)
 .debug_aranges
                0x000007b8       0x20 C:/Freescale/CW MCU v10.6/MCU/ARM_GCC_Support/ewl/lib/armv6-m\libc.a(strlen.o)
 .debug_aranges
                0x000007d8       0x28 C:/Freescale/CW MCU v10.6/MCU/ARM_GCC_Support/ewl/lib/armv6-m\librt.a(gcc_ctor_dtor.o)
 .debug_aranges
                0x00000800       0x30 C:/Freescale/CW MCU v10.6/MCU/ARM_GCC_Support/ewl/lib/armv6-m\librt.a(ROMCopy.o)
 .debug_aranges
                0x00000830       0x58 C:/Freescale/CW MCU v10.6/MCU/ARM_GCC_Support/ewl/lib/armv6-m\librt.a(__arm_eabi_init.o)

.debug_macinfo  0x00000000   0x61351f
 .debug_macinfo
                0x00000000    0x45e3e ./Generated_Code/Vectors.o
 .debug_macinfo
                0x00045e3e    0x3ae9c ./Generated_Code/TimerIntLdd2.o
 .debug_macinfo
                0x00080cda    0x3b0a5 ./Generated_Code/TimerIntLdd1.o
 .debug_macinfo
                0x000bbd7f    0x3b10f ./Generated_Code/TU4.o
 .debug_macinfo
                0x000f6e8e    0x3ae94 ./Generated_Code/TU3.o
 .debug_macinfo
                0x00131d22    0x3b09d ./Generated_Code/TU2.o
 .debug_macinfo
                0x0016cdbf    0x3c10f ./Generated_Code/TU1.o
 .debug_macinfo
                0x001a8ece    0x45e17 ./Generated_Code/TI2.o
 .debug_macinfo
                0x001eece5    0x45e17 ./Generated_Code/TI1.o
 .debug_macinfo
                0x00234afc    0x45e66 ./Generated_Code/Send.o
 .debug_macinfo
                0x0027a962    0x3c0c4 ./Generated_Code/RealTimeLdd2.o
 .debug_macinfo
                0x002b6a26    0x3b0c4 ./Generated_Code/RealTimeLdd1.o
 .debug_macinfo
                0x002f1aea    0x45dcf ./Generated_Code/PE_LDD.o
 .debug_macinfo
                0x003378b9    0x45e66 ./Generated_Code/OVC.o
 .debug_macinfo
                0x0037d71f    0x45e3f ./Generated_Code/Cpu.o
 .debug_macinfo
                0x003c355e    0x3ad73 ./Generated_Code/BitIoLdd3.o
 .debug_macinfo
                0x003fe2d1    0x3ad96 ./Generated_Code/BitIoLdd2.o
 .debug_macinfo
                0x00439067    0x3ad9c ./Generated_Code/BitIoLdd1.o
 .debug_macinfo
                0x00473e03    0x3f464 ./Generated_Code/AdcLdd1.o
 .debug_macinfo
                0x004b3267    0x3dea3 ./Generated_Code/ASerialLdd1.o
 .debug_macinfo
                0x004f110a    0x45f60 ./Generated_Code/AS1.o
 .debug_macinfo
                0x0053706a    0x45e6a ./Generated_Code/AD1.o
 .debug_macinfo
                0x0057ced4     0x3e6d ./Project_Settings/Startup_Code/__arm_start.o
 .debug_macinfo
                0x00580d41     0x3456 ./Project_Settings/Startup_Code/__arm_end.o
 .debug_macinfo
                0x00584197    0x479c4 ./Sources/main.o
 .debug_macinfo
                0x005cbb5b    0x479c4 ./Sources/Events.o

.debug_line     0x00000000     0x70b2
 .debug_line    0x00000000      0x578 ./Generated_Code/Vectors.o
 .debug_line    0x00000578      0x2b7 ./Generated_Code/TimerIntLdd2.o
 .debug_line    0x0000082f      0x2b3 ./Generated_Code/TimerIntLdd1.o
 .debug_line    0x00000ae2      0x2d0 ./Generated_Code/TU4.o
 .debug_line    0x00000db2      0x2b2 ./Generated_Code/TU3.o
 .debug_line    0x00001064      0x2b3 ./Generated_Code/TU2.o
 .debug_line    0x00001317      0x2f8 ./Generated_Code/TU1.o
 .debug_line    0x0000160f      0x436 ./Generated_Code/TI2.o
 .debug_line    0x00001a45      0x436 ./Generated_Code/TI1.o
 .debug_line    0x00001e7b      0x463 ./Generated_Code/Send.o
 .debug_line    0x000022de      0x361 ./Generated_Code/RealTimeLdd2.o
 .debug_line    0x0000263f      0x312 ./Generated_Code/RealTimeLdd1.o
 .debug_line    0x00002951      0x415 ./Generated_Code/PE_LDD.o
 .debug_line    0x00002d66      0x469 ./Generated_Code/OVC.o
 .debug_line    0x000031cf      0x5fc ./Generated_Code/Cpu.o
 .debug_line    0x000037cb      0x2d2 ./Generated_Code/BitIoLdd3.o
 .debug_line    0x00003a9d      0x2e8 ./Generated_Code/BitIoLdd2.o
 .debug_line    0x00003d85      0x2e4 ./Generated_Code/BitIoLdd1.o
 .debug_line    0x00004069      0x369 ./Generated_Code/AdcLdd1.o
 .debug_line    0x000043d2      0x371 ./Generated_Code/ASerialLdd1.o
 .debug_line    0x00004743      0x622 ./Generated_Code/AS1.o
 .debug_line    0x00004d65      0x4f0 ./Generated_Code/AD1.o
 .debug_line    0x00005255      0x28a ./Project_Settings/Startup_Code/__arm_start.o
 .debug_line    0x000054df      0x266 ./Project_Settings/Startup_Code/__arm_end.o
 .debug_line    0x00005745      0x4ad ./Sources/main.o
 .debug_line    0x00005bf2      0x5e4 ./Sources/Events.o
 .debug_line    0x000061d6       0x8d C:/Freescale/CW MCU v10.6/MCU/ARM_GCC_Support/ewl/lib/armv6-m\libc.a(exit.o)
 .debug_line    0x00006263       0x90 C:/Freescale/CW MCU v10.6/MCU/ARM_GCC_Support/ewl/lib/armv6-m\libc.a(memset.o)
 .debug_line    0x000062f3      0x2c3 C:/Freescale/CW MCU v10.6/MCU/ARM_GCC_Support/ewl/lib/armv6-m\libc.a(printformat_.o)
 .debug_line    0x000065b6      0x2be C:/Freescale/CW MCU v10.6/MCU/ARM_GCC_Support/ewl/lib/armv6-m\libc.a(scanformat_.o)
 .debug_line    0x00006874      0x1be C:/Freescale/CW MCU v10.6/MCU/ARM_GCC_Support/ewl/lib/armv6-m\libc.a(ctype_aeabi.o)
 .debug_line    0x00006a32      0x11e C:/Freescale/CW MCU v10.6/MCU/ARM_GCC_Support/ewl/lib/armv6-m\libc.a(__strtoul.o)
 .debug_line    0x00006b50       0xf6 C:/Freescale/CW MCU v10.6/MCU/ARM_GCC_Support/ewl/lib/armv6-m\libc.a(__filll_mem.o)
 .debug_line    0x00006c46       0x9f C:/Freescale/CW MCU v10.6/MCU/ARM_GCC_Support/ewl/lib/armv6-m\libc.a(memchr.o)
 .debug_line    0x00006ce5       0x8b C:/Freescale/CW MCU v10.6/MCU/ARM_GCC_Support/ewl/lib/armv6-m\libc.a(memcpy.o)
 .debug_line    0x00006d70       0x7d C:/Freescale/CW MCU v10.6/MCU/ARM_GCC_Support/ewl/lib/armv6-m\libc.a(strchr.o)
 .debug_line    0x00006ded       0x85 C:/Freescale/CW MCU v10.6/MCU/ARM_GCC_Support/ewl/lib/armv6-m\libc.a(strlen.o)
 .debug_line    0x00006e72       0x6c C:/Freescale/CW MCU v10.6/MCU/ARM_GCC_Support/ewl/lib/armv6-m\librt.a(gcc_ctor_dtor.o)
 .debug_line    0x00006ede       0xbd C:/Freescale/CW MCU v10.6/MCU/ARM_GCC_Support/ewl/lib/armv6-m\librt.a(ROMCopy.o)
 .debug_line    0x00006f9b      0x117 C:/Freescale/CW MCU v10.6/MCU/ARM_GCC_Support/ewl/lib/armv6-m\librt.a(__arm_eabi_init.o)

.debug_str      0x00000000     0x2073
 .debug_str     0x00000000      0x129 ./Generated_Code/Vectors.o
                                0x15b (size before relaxing)
 .debug_str     0x00000129      0x115 ./Generated_Code/TimerIntLdd2.o
                                0x1f2 (size before relaxing)
 .debug_str     0x0000023e       0x61 ./Generated_Code/TimerIntLdd1.o
                                0x1f2 (size before relaxing)
 .debug_str     0x0000029f      0x21f ./Generated_Code/TU4.o
                                0x3a7 (size before relaxing)
 .debug_str     0x000004be       0xe8 ./Generated_Code/TU3.o
                                0x29f (size before relaxing)
 .debug_str     0x000005a6       0x52 ./Generated_Code/TU2.o
                                0x358 (size before relaxing)
 .debug_str     0x000005f8       0xf2 ./Generated_Code/TU1.o
                                0x3b4 (size before relaxing)
 .debug_str     0x000006ea       0x31 ./Generated_Code/TI2.o
                                0x148 (size before relaxing)
 .debug_str     0x0000071b       0x31 ./Generated_Code/TI1.o
                                0x148 (size before relaxing)
 .debug_str     0x0000074c       0x97 ./Generated_Code/Send.o
                                0x32a (size before relaxing)
 .debug_str     0x000007e3      0x127 ./Generated_Code/RealTimeLdd2.o
                                0x310 (size before relaxing)
 .debug_str     0x0000090a       0xa2 ./Generated_Code/RealTimeLdd1.o
                                0x2cf (size before relaxing)
 .debug_str     0x000009ac      0x172 ./Generated_Code/PE_LDD.o
                                0x2be (size before relaxing)
 .debug_str     0x00000b1e       0x72 ./Generated_Code/OVC.o
                                0x356 (size before relaxing)
 .debug_str     0x00000b90      0x16b ./Generated_Code/Cpu.o
                                0x418 (size before relaxing)
 .debug_str     0x00000cfb       0xe4 ./Generated_Code/BitIoLdd3.o
                                0x2c7 (size before relaxing)
 .debug_str     0x00000ddf       0xb1 ./Generated_Code/BitIoLdd2.o
                                0x2dc (size before relaxing)
 .debug_str     0x00000e90       0xb1 ./Generated_Code/BitIoLdd1.o
                                0x2dc (size before relaxing)
 .debug_str     0x00000f41      0x247 ./Generated_Code/AdcLdd1.o
                                0x585 (size before relaxing)
 .debug_str     0x00001188      0x1b5 ./Generated_Code/ASerialLdd1.o
                                0x4cf (size before relaxing)
 .debug_str     0x0000133d      0x1c4 ./Generated_Code/AS1.o
                                0x376 (size before relaxing)
 .debug_str     0x00001501       0xda ./Generated_Code/AD1.o
                                0x256 (size before relaxing)
 .debug_str     0x000015db       0x85 ./Project_Settings/Startup_Code/__arm_start.o
                                0x189 (size before relaxing)
 .debug_str     0x00001660       0x61 ./Project_Settings/Startup_Code/__arm_end.o
                                 0xc0 (size before relaxing)
 .debug_str     0x000016c1       0x32 ./Sources/main.o
                                0x14c (size before relaxing)
 .debug_str     0x000016f3      0x120 ./Sources/Events.o
                                0x28c (size before relaxing)
 .debug_str     0x00001813       0x48 C:/Freescale/CW MCU v10.6/MCU/ARM_GCC_Support/ewl/lib/armv6-m\libc.a(exit.o)
                                0x157 (size before relaxing)
 .debug_str     0x0000185b       0x23 C:/Freescale/CW MCU v10.6/MCU/ARM_GCC_Support/ewl/lib/armv6-m\libc.a(memset.o)
                                0x140 (size before relaxing)
 .debug_str     0x0000187e      0x23b C:/Freescale/CW MCU v10.6/MCU/ARM_GCC_Support/ewl/lib/armv6-m\libc.a(printformat_.o)
                                0x3b3 (size before relaxing)
 .debug_str     0x00001ab9      0x184 C:/Freescale/CW MCU v10.6/MCU/ARM_GCC_Support/ewl/lib/armv6-m\libc.a(scanformat_.o)
                                0x3f9 (size before relaxing)
 .debug_str     0x00001c3d       0x9d C:/Freescale/CW MCU v10.6/MCU/ARM_GCC_Support/ewl/lib/armv6-m\libc.a(ctype_aeabi.o)
                                0x1bc (size before relaxing)
 .debug_str     0x00001cda       0x5b C:/Freescale/CW MCU v10.6/MCU/ARM_GCC_Support/ewl/lib/armv6-m\libc.a(__strtoul.o)
                                0x1fb (size before relaxing)
 .debug_str     0x00001d35       0x25 C:/Freescale/CW MCU v10.6/MCU/ARM_GCC_Support/ewl/lib/armv6-m\libc.a(__filll_mem.o)
                                0x152 (size before relaxing)
 .debug_str     0x00001d5a       0x1c C:/Freescale/CW MCU v10.6/MCU/ARM_GCC_Support/ewl/lib/armv6-m\libc.a(memchr.o)
                                0x148 (size before relaxing)
 .debug_str     0x00001d76       0x1c C:/Freescale/CW MCU v10.6/MCU/ARM_GCC_Support/ewl/lib/armv6-m\libc.a(memcpy.o)
                                0x138 (size before relaxing)
 .debug_str     0x00001d92       0x1c C:/Freescale/CW MCU v10.6/MCU/ARM_GCC_Support/ewl/lib/armv6-m\libc.a(strchr.o)
                                0x137 (size before relaxing)
 .debug_str     0x00001dae       0x1c C:/Freescale/CW MCU v10.6/MCU/ARM_GCC_Support/ewl/lib/armv6-m\libc.a(strlen.o)
                                0x140 (size before relaxing)
 .debug_str     0x00001dca      0x126 C:/Freescale/CW MCU v10.6/MCU/ARM_GCC_Support/ewl/lib/armv6-m\librt.a(gcc_ctor_dtor.o)
                                0x181 (size before relaxing)
 .debug_str     0x00001ef0       0x95 C:/Freescale/CW MCU v10.6/MCU/ARM_GCC_Support/ewl/lib/armv6-m\librt.a(ROMCopy.o)
                                0x13c (size before relaxing)
 .debug_str     0x00001f85       0xee C:/Freescale/CW MCU v10.6/MCU/ARM_GCC_Support/ewl/lib/armv6-m\librt.a(__arm_eabi_init.o)
                                0x1b5 (size before relaxing)

.comment        0x00000000       0x79
 .comment       0x00000000       0x79 ./Generated_Code/Vectors.o
                                 0x7a (size before relaxing)
 .comment       0x00000000       0x7a ./Generated_Code/TimerIntLdd2.o
 .comment       0x00000000       0x7a ./Generated_Code/TimerIntLdd1.o
 .comment       0x00000000       0x7a ./Generated_Code/TU4.o
 .comment       0x00000000       0x7a ./Generated_Code/TU3.o
 .comment       0x00000000       0x7a ./Generated_Code/TU2.o
 .comment       0x00000000       0x7a ./Generated_Code/TU1.o
 .comment       0x00000000       0x7a ./Generated_Code/TI2.o
 .comment       0x00000000       0x7a ./Generated_Code/TI1.o
 .comment       0x00000000       0x7a ./Generated_Code/Send.o
 .comment       0x00000000       0x7a ./Generated_Code/RealTimeLdd2.o
 .comment       0x00000000       0x7a ./Generated_Code/RealTimeLdd1.o
 .comment       0x00000000       0x7a ./Generated_Code/PE_LDD.o
 .comment       0x00000000       0x7a ./Generated_Code/OVC.o
 .comment       0x00000000       0x7a ./Generated_Code/Cpu.o
 .comment       0x00000000       0x7a ./Generated_Code/BitIoLdd3.o
 .comment       0x00000000       0x7a ./Generated_Code/BitIoLdd2.o
 .comment       0x00000000       0x7a ./Generated_Code/BitIoLdd1.o
 .comment       0x00000000       0x7a ./Generated_Code/AdcLdd1.o
 .comment       0x00000000       0x7a ./Generated_Code/ASerialLdd1.o
 .comment       0x00000000       0x7a ./Generated_Code/AS1.o
 .comment       0x00000000       0x7a ./Generated_Code/AD1.o
 .comment       0x00000000       0x7a ./Project_Settings/Startup_Code/__arm_start.o
 .comment       0x00000000       0x7a ./Project_Settings/Startup_Code/__arm_end.o
 .comment       0x00000000       0x7a ./Sources/main.o
 .comment       0x00000000       0x7a ./Sources/Events.o
 .comment       0x00000000       0x7a C:/Freescale/CW MCU v10.6/MCU/ARM_GCC_Support/ewl/lib/armv6-m\libc.a(exit.o)
 .comment       0x00000000       0x7a C:/Freescale/CW MCU v10.6/MCU/ARM_GCC_Support/ewl/lib/armv6-m\libc.a(memset.o)
 .comment       0x00000000       0x7a C:/Freescale/CW MCU v10.6/MCU/ARM_GCC_Support/ewl/lib/armv6-m\libc.a(printformat_.o)
 .comment       0x00000000       0x7a C:/Freescale/CW MCU v10.6/MCU/ARM_GCC_Support/ewl/lib/armv6-m\libc.a(scanformat_.o)
 .comment       0x00000000       0x7a C:/Freescale/CW MCU v10.6/MCU/ARM_GCC_Support/ewl/lib/armv6-m\libc.a(ctype_aeabi.o)
 .comment       0x00000000       0x7a C:/Freescale/CW MCU v10.6/MCU/ARM_GCC_Support/ewl/lib/armv6-m\libc.a(__strtoul.o)
 .comment       0x00000000       0x7a C:/Freescale/CW MCU v10.6/MCU/ARM_GCC_Support/ewl/lib/armv6-m\libc.a(__filll_mem.o)
 .comment       0x00000000       0x7a C:/Freescale/CW MCU v10.6/MCU/ARM_GCC_Support/ewl/lib/armv6-m\libc.a(memchr.o)
 .comment       0x00000000       0x7a C:/Freescale/CW MCU v10.6/MCU/ARM_GCC_Support/ewl/lib/armv6-m\libc.a(memcpy.o)
 .comment       0x00000000       0x7a C:/Freescale/CW MCU v10.6/MCU/ARM_GCC_Support/ewl/lib/armv6-m\libc.a(strchr.o)
 .comment       0x00000000       0x7a C:/Freescale/CW MCU v10.6/MCU/ARM_GCC_Support/ewl/lib/armv6-m\libc.a(strlen.o)
 .comment       0x00000000       0x7a C:/Freescale/CW MCU v10.6/MCU/ARM_GCC_Support/ewl/lib/armv6-m\librt.a(gcc_ctor_dtor.o)
 .comment       0x00000000       0x7a C:/Freescale/CW MCU v10.6/MCU/ARM_GCC_Support/ewl/lib/armv6-m\librt.a(ROMCopy.o)
 .comment       0x00000000       0x7a C:/Freescale/CW MCU v10.6/MCU/ARM_GCC_Support/ewl/lib/armv6-m\librt.a(__arm_eabi_init.o)

.debug_loc      0x00000000     0x3e8f
 .debug_loc     0x00000000       0x70 ./Generated_Code/TimerIntLdd2.o
 .debug_loc     0x00000070       0x70 ./Generated_Code/TimerIntLdd1.o
 .debug_loc     0x000000e0       0xa8 ./Generated_Code/TU4.o
 .debug_loc     0x00000188       0x70 ./Generated_Code/TU3.o
 .debug_loc     0x000001f8       0x70 ./Generated_Code/TU2.o
 .debug_loc     0x00000268      0x118 ./Generated_Code/TU1.o
 .debug_loc     0x00000380       0x38 ./Generated_Code/TI2.o
 .debug_loc     0x000003b8       0x38 ./Generated_Code/TI1.o
 .debug_loc     0x000003f0       0x70 ./Generated_Code/Send.o
 .debug_loc     0x00000460      0x1c0 ./Generated_Code/RealTimeLdd2.o
 .debug_loc     0x00000620      0x118 ./Generated_Code/RealTimeLdd1.o
 .debug_loc     0x00000738       0x9c ./Generated_Code/PE_LDD.o
 .debug_loc     0x000007d4       0x70 ./Generated_Code/OVC.o
 .debug_loc     0x00000844       0xdc ./Generated_Code/Cpu.o
 .debug_loc     0x00000920      0x118 ./Generated_Code/BitIoLdd3.o
 .debug_loc     0x00000a38      0x150 ./Generated_Code/BitIoLdd2.o
 .debug_loc     0x00000b88      0x150 ./Generated_Code/BitIoLdd1.o
 .debug_loc     0x00000cd8      0x1f8 ./Generated_Code/AdcLdd1.o
 .debug_loc     0x00000ed0      0x194 ./Generated_Code/ASerialLdd1.o
 .debug_loc     0x00001064      0x2e0 ./Generated_Code/AS1.o
 .debug_loc     0x00001344      0x19c ./Generated_Code/AD1.o
 .debug_loc     0x000014e0       0x2c ./Project_Settings/Startup_Code/__arm_start.o
 .debug_loc     0x0000150c       0x38 ./Project_Settings/Startup_Code/__arm_end.o
 .debug_loc     0x00001544       0x2c ./Sources/main.o
 .debug_loc     0x00001570      0x234 ./Sources/Events.o
 .debug_loc     0x000017a4       0x3e C:/Freescale/CW MCU v10.6/MCU/ARM_GCC_Support/ewl/lib/armv6-m\libc.a(exit.o)
 .debug_loc     0x000017e2       0x6f C:/Freescale/CW MCU v10.6/MCU/ARM_GCC_Support/ewl/lib/armv6-m\libc.a(memset.o)
 .debug_loc     0x00001851     0x104b C:/Freescale/CW MCU v10.6/MCU/ARM_GCC_Support/ewl/lib/armv6-m\libc.a(printformat_.o)
 .debug_loc     0x0000289c      0x9d8 C:/Freescale/CW MCU v10.6/MCU/ARM_GCC_Support/ewl/lib/armv6-m\libc.a(scanformat_.o)
 .debug_loc     0x00003274      0x30d C:/Freescale/CW MCU v10.6/MCU/ARM_GCC_Support/ewl/lib/armv6-m\libc.a(ctype_aeabi.o)
 .debug_loc     0x00003581      0x305 C:/Freescale/CW MCU v10.6/MCU/ARM_GCC_Support/ewl/lib/armv6-m\libc.a(__strtoul.o)
 .debug_loc     0x00003886      0x14a C:/Freescale/CW MCU v10.6/MCU/ARM_GCC_Support/ewl/lib/armv6-m\libc.a(__filll_mem.o)
 .debug_loc     0x000039d0       0x77 C:/Freescale/CW MCU v10.6/MCU/ARM_GCC_Support/ewl/lib/armv6-m\libc.a(memchr.o)
 .debug_loc     0x00003a47       0x59 C:/Freescale/CW MCU v10.6/MCU/ARM_GCC_Support/ewl/lib/armv6-m\libc.a(memcpy.o)
 .debug_loc     0x00003aa0       0xaf C:/Freescale/CW MCU v10.6/MCU/ARM_GCC_Support/ewl/lib/armv6-m\libc.a(strchr.o)
 .debug_loc     0x00003b4f       0x33 C:/Freescale/CW MCU v10.6/MCU/ARM_GCC_Support/ewl/lib/armv6-m\libc.a(strlen.o)
 .debug_loc     0x00003b82       0x9d C:/Freescale/CW MCU v10.6/MCU/ARM_GCC_Support/ewl/lib/armv6-m\librt.a(gcc_ctor_dtor.o)
 .debug_loc     0x00003c1f       0xd9 C:/Freescale/CW MCU v10.6/MCU/ARM_GCC_Support/ewl/lib/armv6-m\librt.a(ROMCopy.o)
 .debug_loc     0x00003cf8      0x197 C:/Freescale/CW MCU v10.6/MCU/ARM_GCC_Support/ewl/lib/armv6-m\librt.a(__arm_eabi_init.o)

.debug_frame    0x00000000     0x1840
 .debug_frame   0x00000000       0x50 ./Generated_Code/TimerIntLdd2.o
 .debug_frame   0x00000050       0x50 ./Generated_Code/TimerIntLdd1.o
 .debug_frame   0x000000a0       0x70 ./Generated_Code/TU4.o
 .debug_frame   0x00000110       0x50 ./Generated_Code/TU3.o
 .debug_frame   0x00000160       0x50 ./Generated_Code/TU2.o
 .debug_frame   0x000001b0       0xb0 ./Generated_Code/TU1.o
 .debug_frame   0x00000260       0x30 ./Generated_Code/TI2.o
 .debug_frame   0x00000290       0x30 ./Generated_Code/TI1.o
 .debug_frame   0x000002c0       0x50 ./Generated_Code/Send.o
 .debug_frame   0x00000310      0x110 ./Generated_Code/RealTimeLdd2.o
 .debug_frame   0x00000420       0xb0 ./Generated_Code/RealTimeLdd1.o
 .debug_frame   0x000004d0       0x6c ./Generated_Code/PE_LDD.o
 .debug_frame   0x0000053c       0x50 ./Generated_Code/OVC.o
 .debug_frame   0x0000058c       0x9c ./Generated_Code/Cpu.o
 .debug_frame   0x00000628       0xb0 ./Generated_Code/BitIoLdd3.o
 .debug_frame   0x000006d8       0xd0 ./Generated_Code/BitIoLdd2.o
 .debug_frame   0x000007a8       0xd0 ./Generated_Code/BitIoLdd1.o
 .debug_frame   0x00000878      0x130 ./Generated_Code/AdcLdd1.o
 .debug_frame   0x000009a8       0xf8 ./Generated_Code/ASerialLdd1.o
 .debug_frame   0x00000aa0      0x1c4 ./Generated_Code/AS1.o
 .debug_frame   0x00000c64      0x104 ./Generated_Code/AD1.o
 .debug_frame   0x00000d68       0x4c ./Project_Settings/Startup_Code/__arm_start.o
 .debug_frame   0x00000db4       0x30 ./Project_Settings/Startup_Code/__arm_end.o
 .debug_frame   0x00000de4       0x34 ./Sources/main.o
 .debug_frame   0x00000e18      0x170 ./Sources/Events.o
 .debug_frame   0x00000f88       0x2c C:/Freescale/CW MCU v10.6/MCU/ARM_GCC_Support/ewl/lib/armv6-m\libc.a(exit.o)
 .debug_frame   0x00000fb4       0x28 C:/Freescale/CW MCU v10.6/MCU/ARM_GCC_Support/ewl/lib/armv6-m\libc.a(memset.o)
 .debug_frame   0x00000fdc       0x54 C:/Freescale/CW MCU v10.6/MCU/ARM_GCC_Support/ewl/lib/armv6-m\libc.a(printformat_.o)
 .debug_frame   0x00001030       0x34 C:/Freescale/CW MCU v10.6/MCU/ARM_GCC_Support/ewl/lib/armv6-m\libc.a(scanformat_.o)
 .debug_frame   0x00001064      0x158 C:/Freescale/CW MCU v10.6/MCU/ARM_GCC_Support/ewl/lib/armv6-m\libc.a(ctype_aeabi.o)
 .debug_frame   0x000011bc       0x30 C:/Freescale/CW MCU v10.6/MCU/ARM_GCC_Support/ewl/lib/armv6-m\libc.a(__strtoul.o)
 .debug_frame   0x000011ec       0x2c C:/Freescale/CW MCU v10.6/MCU/ARM_GCC_Support/ewl/lib/armv6-m\libc.a(__filll_mem.o)
 .debug_frame   0x00001218       0x28 C:/Freescale/CW MCU v10.6/MCU/ARM_GCC_Support/ewl/lib/armv6-m\libc.a(memchr.o)
 .debug_frame   0x00001240       0x28 C:/Freescale/CW MCU v10.6/MCU/ARM_GCC_Support/ewl/lib/armv6-m\libc.a(memcpy.o)
 .debug_frame   0x00001268       0x28 C:/Freescale/CW MCU v10.6/MCU/ARM_GCC_Support/ewl/lib/armv6-m\libc.a(strchr.o)
 .debug_frame   0x00001290       0x28 C:/Freescale/CW MCU v10.6/MCU/ARM_GCC_Support/ewl/lib/armv6-m\libc.a(strlen.o)
 .debug_frame   0x000012b8       0x20 c:/freescale/cw mcu v10.6/cross_tools/arm-none-eabi-gcc-4_7_3/bin/../lib/gcc/arm-none-eabi/4.7.3/armv6-m\libgcc.a(_udivsi3.o)
 .debug_frame   0x000012d8       0x20 c:/freescale/cw mcu v10.6/cross_tools/arm-none-eabi-gcc-4_7_3/bin/../lib/gcc/arm-none-eabi/4.7.3/armv6-m\libgcc.a(_divsi3.o)
 .debug_frame   0x000012f8       0x28 c:/freescale/cw mcu v10.6/cross_tools/arm-none-eabi-gcc-4_7_3/bin/../lib/gcc/arm-none-eabi/4.7.3/armv6-m\libgcc.a(_fixunssfsi.o)
 .debug_frame   0x00001320       0x30 c:/freescale/cw mcu v10.6/cross_tools/arm-none-eabi-gcc-4_7_3/bin/../lib/gcc/arm-none-eabi/4.7.3/armv6-m\libgcc.a(addsf3.o)
 .debug_frame   0x00001350       0x3c c:/freescale/cw mcu v10.6/cross_tools/arm-none-eabi-gcc-4_7_3/bin/../lib/gcc/arm-none-eabi/4.7.3/armv6-m\libgcc.a(divsf3.o)
 .debug_frame   0x0000138c       0x2c c:/freescale/cw mcu v10.6/cross_tools/arm-none-eabi-gcc-4_7_3/bin/../lib/gcc/arm-none-eabi/4.7.3/armv6-m\libgcc.a(eqsf2.o)
 .debug_frame   0x000013b8       0x30 c:/freescale/cw mcu v10.6/cross_tools/arm-none-eabi-gcc-4_7_3/bin/../lib/gcc/arm-none-eabi/4.7.3/armv6-m\libgcc.a(gesf2.o)
 .debug_frame   0x000013e8       0x30 c:/freescale/cw mcu v10.6/cross_tools/arm-none-eabi-gcc-4_7_3/bin/../lib/gcc/arm-none-eabi/4.7.3/armv6-m\libgcc.a(lesf2.o)
 .debug_frame   0x00001418       0x3c c:/freescale/cw mcu v10.6/cross_tools/arm-none-eabi-gcc-4_7_3/bin/../lib/gcc/arm-none-eabi/4.7.3/armv6-m\libgcc.a(mulsf3.o)
 .debug_frame   0x00001454       0x30 c:/freescale/cw mcu v10.6/cross_tools/arm-none-eabi-gcc-4_7_3/bin/../lib/gcc/arm-none-eabi/4.7.3/armv6-m\libgcc.a(subsf3.o)
 .debug_frame   0x00001484       0x28 c:/freescale/cw mcu v10.6/cross_tools/arm-none-eabi-gcc-4_7_3/bin/../lib/gcc/arm-none-eabi/4.7.3/armv6-m\libgcc.a(fixsfsi.o)
 .debug_frame   0x000014ac       0x28 c:/freescale/cw mcu v10.6/cross_tools/arm-none-eabi-gcc-4_7_3/bin/../lib/gcc/arm-none-eabi/4.7.3/armv6-m\libgcc.a(floatunsisf.o)
 .debug_frame   0x000014d4       0x3c c:/freescale/cw mcu v10.6/cross_tools/arm-none-eabi-gcc-4_7_3/bin/../lib/gcc/arm-none-eabi/4.7.3/armv6-m\libgcc.a(adddf3.o)
 .debug_frame   0x00001510       0x3c c:/freescale/cw mcu v10.6/cross_tools/arm-none-eabi-gcc-4_7_3/bin/../lib/gcc/arm-none-eabi/4.7.3/armv6-m\libgcc.a(divdf3.o)
 .debug_frame   0x0000154c       0x34 c:/freescale/cw mcu v10.6/cross_tools/arm-none-eabi-gcc-4_7_3/bin/../lib/gcc/arm-none-eabi/4.7.3/armv6-m\libgcc.a(eqdf2.o)
 .debug_frame   0x00001580       0x38 c:/freescale/cw mcu v10.6/cross_tools/arm-none-eabi-gcc-4_7_3/bin/../lib/gcc/arm-none-eabi/4.7.3/armv6-m\libgcc.a(gedf2.o)
 .debug_frame   0x000015b8       0x38 c:/freescale/cw mcu v10.6/cross_tools/arm-none-eabi-gcc-4_7_3/bin/../lib/gcc/arm-none-eabi/4.7.3/armv6-m\libgcc.a(ledf2.o)
 .debug_frame   0x000015f0       0x3c c:/freescale/cw mcu v10.6/cross_tools/arm-none-eabi-gcc-4_7_3/bin/../lib/gcc/arm-none-eabi/4.7.3/armv6-m\libgcc.a(muldf3.o)
 .debug_frame   0x0000162c       0x38 c:/freescale/cw mcu v10.6/cross_tools/arm-none-eabi-gcc-4_7_3/bin/../lib/gcc/arm-none-eabi/4.7.3/armv6-m\libgcc.a(subdf3.o)
 .debug_frame   0x00001664       0x30 c:/freescale/cw mcu v10.6/cross_tools/arm-none-eabi-gcc-4_7_3/bin/../lib/gcc/arm-none-eabi/4.7.3/armv6-m\libgcc.a(floatsidf.o)
 .debug_frame   0x00001694       0x2c c:/freescale/cw mcu v10.6/cross_tools/arm-none-eabi-gcc-4_7_3/bin/../lib/gcc/arm-none-eabi/4.7.3/armv6-m\libgcc.a(extendsfdf2.o)
 .debug_frame   0x000016c0       0x30 c:/freescale/cw mcu v10.6/cross_tools/arm-none-eabi-gcc-4_7_3/bin/../lib/gcc/arm-none-eabi/4.7.3/armv6-m\libgcc.a(truncdfsf2.o)
 .debug_frame   0x000016f0       0x40 C:/Freescale/CW MCU v10.6/MCU/ARM_GCC_Support/ewl/lib/armv6-m\librt.a(gcc_ctor_dtor.o)
 .debug_frame   0x00001730       0x54 C:/Freescale/CW MCU v10.6/MCU/ARM_GCC_Support/ewl/lib/armv6-m\librt.a(ROMCopy.o)
 .debug_frame   0x00001784       0xbc C:/Freescale/CW MCU v10.6/MCU/ARM_GCC_Support/ewl/lib/armv6-m\librt.a(__arm_eabi_init.o)
